---
source: tests/wpt_conformance/mod.rs
expression: test_results
---
[
    "abs float32 positive 0D scalar    [OK]",
    "abs float32 negative 0D scalar    [OK]",
    "abs float32 1D constant tensor    [OK]",
    "abs float32 1D tensor    [OK]",
    "abs float32 2D tensor    [OK]",
    "abs float32 3D tensor    [OK]",
    "abs float32 4D tensor    [OK]",
    "abs float32 5D tensor    [OK]",
    "abs float16 positive 0D scalar    [OK]",
    "abs float16 negative 0D scalar    [OK]",
    "abs float16 1D constant tensor    [OK]",
    "abs float16 1D tensor    [OK]",
    "abs float16 2D tensor    [OK]",
    "abs float16 3D tensor    [OK]",
    "abs float16 4D tensor    [OK]",
    "abs float16 5D tensor    [OK]",
    "abs float16 6D tensor    [OK]",
    "abs int8 4D tensor    [OK]",
    "abs int32 4D tensor    [OK]",
    "abs int64 4D tensor    [OK]",
    "add float32 1D constant tensors    [OK]",
    "add float32 1D tensors    [OK]",
    "add float32 2D tensors    [OK]",
    "add float32 3D tensors    [OK]",
    "add float32 4D tensors    [OK]",
    "add float32 5D tensors    [OK]",
    "add float32 broadcast 1D to 4D    [OK]",
    "add float32 broadcast 2D to 4D    [OK]",
    "add float32 broadcast 3D to 4D    [OK]",
    "add float32 broadcast 4D to 4D    [OK]",
    "add float32 large inputs    [OK]",
    "add float32 with special character names    [OK]",
    "add float16 1D constant tensors    [OK]",
    "add float16 1D tensors    [OK]",
    "add float16 2D tensors    [OK]",
    "add float16 3D tensors    [OK]",
    "add float16 4D tensors    [OK]",
    "add float16 5D tensors    [OK]",
    "add float16 broadcast 1D to 4D    [OK]",
    "add float16 broadcast 2D to 4D    [OK]",
    "add float16 broadcast 3D to 4D    [OK]",
    "add float16 broadcast 4D to 4D    [OK]",
    "add float16 large inputs    [OK]",
    "batchNormalization float32 1D tensor options.axis=0    [OK]",
    "batchNormalization float32 2D tensor (mean and variance are non-constant) default options    [OK]",
    "batchNormalization float32 2D tensor default options    [OK]",
    "batchNormalization float32 3D tensor default options    [OK]",
    "batchNormalization float32 4D tensor default options    [OK]",
    "batchNormalization float32 5D tensor default options    [OK]",
    "batchNormalization float32 4D NCHW tensor options.axis=1    [OK]",
    "batchNormalization float32 4D NHWC tensor options.axis=3    [OK]",
    "batchNormalization float32 4D NCHW tensor options.scale    [OK]",
    "batchNormalization float32 4D NCHW tensor options.bias    [OK]",
    "batchNormalization float32 4D NCHW tensor options.epsilon    [OK]",
    "batchNormalization float32 4D NHWC tensor all options    [OK]",
    "batchNormalization float16 1D tensor options.axis=0    [OK]",
    "batchNormalization float16 2D tensor (mean and variance are non-constant) default options    [OK]",
    "batchNormalization float16 2D tensor default options    [OK]",
    "batchNormalization float16 3D tensor default options    [OK]",
    "batchNormalization float16 4D tensor default options    [OK]",
    "batchNormalization float16 5D tensor default options    [OK]",
    "batchNormalization float16 4D NCHW tensor options.axis=1    [OK]",
    "batchNormalization float16 4D NHWC tensor options.axis=3    [OK]",
    "batchNormalization float16 4D NCHW tensor options.scale    [OK]",
    "batchNormalization float16 4D NCHW tensor options.bias    [OK]",
    "batchNormalization float16 4D NCHW tensor options.epsilon    [OK]",
    "batchNormalization float16 4D NHWC tensor all options    [OK]",
    "cast float32 0D tensor to int32    [OK]",
    "cast float32 1D tensor to int32    [OK]",
    "cast float32 2D tensor to int32    [OK]",
    "cast float32 3D tensor to int32    [OK]",
    "cast float32 4D tensor to int32    [OK]",
    "cast float32 5D tensor to int32    [OK]",
    "cast float32 4D tensor to float16    [OK]",
    "cast float32 4D tensor to uint32    [OK]",
    "cast float32 4D tensor to int64    [OK]",
    "cast float32 4D tensor to int8    [OK]",
    "cast float32 4D tensor to uint8    [OK]",
    "cast float16 4D tensor to float32    [OK]",
    "cast float16 4D tensor to int32    [OK]",
    "cast float16 4D tensor to uint32    [OK]",
    "cast float16 4D tensor to int64    [OK]",
    "cast float16 4D tensor to int8    [OK]",
    "cast float16 4D tensor to uint8    [OK]",
    "cast int32 4D tensor to float32    [OK]",
    "cast int32 4D constant tensor to float32    [OK]",
    "cast int32 4D tensor to float16    [OK]",
    "cast int32 4D tensor to int64    [OK]",
    "cast int32 4D tensor to int8    [OK]",
    "cast int32 4D tensor to uint8    [OK]",
    "cast uint32 4D tensor to float32    [OK]",
    "cast uint32 4D tensor to float16    [OK]",
    "cast uint32 4D tensor to int32    [OK]",
    "cast uint32 4D tensor to int64    [OK]",
    "cast uint32 4D tensor to int8    [OK]",
    "cast uint32 4D tensor to uint8    [OK]",
    "cast int64 4D tensor to float32    [OK]",
    "cast int64 4D tensor to float16    [OK]",
    "cast int64 4D tensor to int32    [OK]",
    "cast int64 4D tensor to uint32    [OK]",
    "cast int64 4D tensor to int8    [OK]",
    "cast int64 4D tensor to uint8    [OK]",
    "cast int8 0D constant tensor to int32    [FAIL]\ngraph conversion failed for trtx: Failed to build TensorRT engine: Runtime error: Failed to build serialized network",
    "cast int8 1D constant tensor to int32    [FAIL]\ngraph conversion failed for trtx: Failed to build TensorRT engine: Runtime error: Failed to build serialized network",
    "cast int8 4D tensor to float32    [OK]",
    "cast int8 4D tensor to float16    [OK]",
    "cast int8 4D tensor to int32    [OK]",
    "cast int8 4D tensor to uint32    [OK]",
    "cast int8 4D tensor to int64    [OK]",
    "cast int8 4D tensor to uint8    [OK]",
    "cast uint8 4D tensor to float32    [FAIL]\ngraph conversion failed for trtx: Failed to build TensorRT engine: Runtime error: Failed to build serialized network",
    "cast uint8 4D tensor to float16    [OK]",
    "cast uint8 4D tensor to int32    [FAIL]\ngraph conversion failed for trtx: Failed to build TensorRT engine: Runtime error: Failed to build serialized network",
    "cast uint8 4D tensor to uint32    [OK]",
    "cast uint8 4D tensor to int64    [OK]",
    "cast uint8 4D tensor to int8    [OK]",
    "ceil float32 0D scalar    [OK]",
    "ceil float32 1D constant tensor    [OK]",
    "ceil float32 1D tensor    [OK]",
    "ceil float32 2D tensor    [OK]",
    "ceil float32 3D tensor    [OK]",
    "ceil float32 4D tensor    [OK]",
    "ceil float32 5D tensor    [OK]",
    "ceil float16 0D scalar    [OK]",
    "ceil float16 1D constant tensor    [OK]",
    "ceil float16 1D tensor    [OK]",
    "ceil float16 2D tensor    [OK]",
    "ceil float16 3D tensor    [OK]",
    "ceil float16 4D tensor    [OK]",
    "ceil float16 5D tensor    [OK]",
    "clamp float32 0D tensor default options    [OK]",
    "clamp float32 1D constant tensor default options    [OK]",
    "clamp float32 1D tensor default options    [OK]",
    "clamp int8 1D tensor    [FAIL]\ngraph conversion failed for trtx: Failed to build TensorRT engine: Runtime error: Failed to build serialized network",
    "clamp uint8 1D tensor    [FAIL]\ngraph conversion failed for trtx: Failed to build TensorRT engine: Runtime error: Failed to build serialized network",
    "clamp int32 1D tensor    [OK]",
    "clamp uint32 1D tensor    [FAIL]\nclamp :: clamp uint32 1D tensor: uint32 output mismatch\n  inputs: clampInput: [4294967295, 127, 5, 0]\n  expected clampOutput: [4294967290, 127, 5, 5]\n  actual clampOutput: [5, 5, 5, 5]\n  expected clampOutput full nd:\n(shape [4])\n[4294967290, 127, 5, 5]\n  actual clampOutput full nd:\n(shape [4])\n[5, 5, 5, 5]",
    "clamp int64 1D tensor with bigint max    [OK]",
    "clamp uint64 1D tensor with Number min and max    [OK]",
    "clamp uint64 1D tensor with bigint max    [OK]",
    "clamp float32 2D tensor default options    [OK]",
    "clamp float32 3D tensor default options    [OK]",
    "clamp float32 4D tensor default options    [OK]",
    "clamp float32 5D tensor default options    [OK]",
    "clamp float32 4D tensor default options.maxValue and specified negative options.minValue    [OK]",
    "clamp float32 3D tensor default options.maxValue and specified options.minValue=0.0    [OK]",
    "clamp float32 2D tensor default options.maxValue and specified positive options.minValue    [OK]",
    "clamp float32 5D tensor default options.minValue and specified negative options.maxValue    [OK]",
    "clamp float32 1D tensor default options.minValue and specified options.maxValue=0.0    [OK]",
    "clamp float32 3D tensor default options.minValue and specified positive options.maxValue    [OK]",
    "clamp float32 5D tensor specified both negative options.minValue and options.maxValue    [OK]",
    "clamp float32 4D tensor specified negative options.minValue and options.maxValue=0.0    [OK]",
    "clamp float32 3D tensor specified negative options.minValue and positive options.maxValue    [OK]",
    "clamp float32 2D tensor specified options.minValue=0.0 and positive options.maxValue    [OK]",
    "clamp float32 1D tensor specified both positive options.minValue and options.maxValue    [OK]",
    "clamp float16 0D tensor default options    [OK]",
    "clamp float16 1D tensor    [OK]",
    "clamp float16 1D constant tensor default options    [OK]",
    "clamp float16 1D tensor default options    [OK]",
    "clamp float16 2D tensor default options    [OK]",
    "clamp float16 3D tensor default options    [OK]",
    "clamp float16 4D tensor default options    [OK]",
    "clamp float16 5D tensor default options    [OK]",
    "clamp float16 4D tensor default options.maxValue and specified negative options.minValue    [OK]",
    "clamp float16 3D tensor default options.maxValue and specified options.minValue=0.0    [OK]",
    "clamp float16 2D tensor default options.maxValue and specified positive options.minValue    [OK]",
    "clamp float16 5D tensor default options.minValue and specified negative options.maxValue    [OK]",
    "clamp float16 1D tensor default options.minValue and specified options.maxValue=0.0    [OK]",
    "clamp float16 3D tensor default options.minValue and specified positive options.maxValue    [OK]",
    "clamp float16 5D tensor specified both negative options.minValue and options.maxValue    [OK]",
    "clamp float16 4D tensor specified negative options.minValue and options.maxValue=0.0    [OK]",
    "clamp float16 3D tensor specified negative options.minValue and positive options.maxValue    [OK]",
    "clamp float16 2D tensor specified options.minValue=0.0 and positive options.maxValue    [OK]",
    "clamp float16 1D tensor specified both positive options.minValue and options.maxValue    [OK]",
    "minValue as -Infinity    [OK]",
    "minValue as Infinity    [OK]",
    "maxValue as -Infinity    [OK]",
    "maxValue as Infinity    [OK]",
    "minValue == maxValue    [OK]",
    "minValue as NaN    [OK]",
    "maxValue as NaN    [OK]",
    "concat two float32 1D constant tensors of same shape along axis 0    [OK]",
    "concat two float32 1D tensors of same shape along axis 0    [OK]",
    "concat two float16 1D tensors of same shape along axis 0    [OK]",
    "concat three float32 1D tensors of different 1st dimension along axis 0    [OK]",
    "concat three float16 1D tensors of different 1st dimension along axis 0    [OK]",
    "concat four float32 1D tensors of same 1st dimension along axis 0    [OK]",
    "concat four float16 1D tensors of same 1st dimension along axis 0    [OK]",
    "concat four float32 1D tensors of different 1st dimension along axis 0    [OK]",
    "concat four float16 1D tensors of different 1st dimension along axis 0    [OK]",
    "concat two float32 2D tensors of same shape along axis 0    [OK]",
    "concat two float16 2D tensors of same shape along axis 0    [OK]",
    "concat two float32 2D tensors of same others dimensions except different 1st dimension along axis 0    [OK]",
    "concat two float16 2D tensors of same others dimensions except different 1st dimension along axis 0    [OK]",
    "concat four float32 2D tensors of same shape along axis 0    [OK]",
    "concat four float16 2D tensors of same shape along axis 0    [OK]",
    "concat two float32 2D tensors of same others dimensions except different 2nd dimension along axis 1    [OK]",
    "concat two float16 2D tensors of same others dimensions except different 2nd dimension along axis 1    [OK]",
    "concat three float32 2D tensors of same shape along axis 1    [OK]",
    "concat three float16 2D tensors of same shape along axis 1    [OK]",
    "concat four float32 2D tensors of same others dimensions except different 2nd dimension along axis 1    [OK]",
    "concat four float16 2D tensors of same others dimensions except different 2nd dimension along axis 1    [OK]",
    "concat two float32 3D tensors of same others dimensions except different 1st dimension along axis 0    [OK]",
    "concat two float16 3D tensors of same others dimensions except different 1st dimension along axis 0    [OK]",
    "concat four float32 3D tensors of same others dimensions except different 2nd dimension along axis 1    [OK]",
    "concat four float16 3D tensors of same others dimensions except different 2nd dimension along axis 1    [OK]",
    "concat three float32 3D tensors of same shape along axis 2    [OK]",
    "concat three float16 3D tensors of same shape along axis 2    [OK]",
    "concat two float32 4D tensors of same others dimensions except different 1st dimension along axis 0    [OK]",
    "concat two float16 4D tensors of same others dimensions except different 1st dimension along axis 0    [OK]",
    "concat three float32 4D tensors of same shape along axis 1    [OK]",
    "concat three float16 4D tensors of same shape along axis 1    [OK]",
    "concat three float32 4D tensors of same others dimensions except different 3rd dimension along axis 2    [OK]",
    "concat three float16 4D tensors of same others dimensions except different 3rd dimension along axis 2    [OK]",
    "concat four float32 4D tensors of same others dimensions except different 4th dimension along axis 3    [OK]",
    "concat four float16 4D tensors of same others dimensions except different 4th dimension along axis 3    [OK]",
    "concat four float32 5D tensors of same shape along axis 0    [OK]",
    "concat four float16 5D tensors of same shape along axis 0    [OK]",
    "concat two float32 5D tensors of same others dimensions except different 2nd dimension along axis 1    [OK]",
    "concat two float16 5D tensors of same others dimensions except different 2nd dimension along axis 1    [OK]",
    "concat three float32 5D tensors of same others dimensions except different 3rd dimension along axis 2    [OK]",
    "concat three float16 5D tensors of same others dimensions except different 3rd dimension along axis 2    [OK]",
    "concat two float32 5D tensors of same others dimensions except different 4th dimension along axis 3    [OK]",
    "concat two float16 5D tensors of same others dimensions except different 4th dimension along axis 3    [OK]",
    "concat two float32 5D tensors of same others dimensions except different 5th dimension along axis 4    [OK]",
    "concat two float16 5D tensors of same others dimensions except different 5th dimension along axis 4    [OK]",
    "conv2d float32 4D both input and filter non-constant tensors default options    [OK]",
    "conv2d float32 4D both input and filter constant tensors default options    [OK]",
    "conv2d float32 4D input and filter tensors default options    [OK]",
    "conv2d float32 4D input and filter tensors options.padding    [OK]",
    "conv2d float32 4D input and filter tensors options.strides    [OK]",
    "conv2d float32 4D input and filter tensors options.dilations    [OK]",
    "depthwise conv2d float32 4D input and filter tensors options.groups= input_channels    [OK]",
    "conv2d float32 4D input and filter tensors options.inputLayout='nchw'    [OK]",
    "conv2d float32 4D input and filter tensors options.inputLayout='nhwc'    [OK]",
    "conv2d float32 4D input and filter tensors options.filterLayout='oihw'    [OK]",
    "conv2d float32 4D input and filter tensors options.filterLayout='hwio'    [OK]",
    "conv2d float32 4D input and filter tensors options.filterLayout='ohwi'    [OK]",
    "conv2d float32 4D input and filter tensors options.filterLayout='ihwo'    [OK]",
    "conv2d float32 4D input and filter tensors options.inputLayout='nhwc' and options.filterLayout='oihw'    [OK]",
    "conv2d float32 4D input and filter tensors options.inputLayout='nhwc' and options.filterLayout='hwio'    [OK]",
    "conv2d float32 4D input and filter tensors options.inputLayout='nhwc' and options.filterLayout='ohwi'    [OK]",
    "conv2d float32 4D input and filter tensors options.inputLayout='nhwc' and options.filterLayout='ihwo'    [OK]",
    "conv2d float32 4D input and filter tensors 1D options.bias    [OK]",
    "conv2d float32 4D input and filter tensors all options    [OK]",
    "conv2d float32 4D input and filter tensors, both negative input tensor and options.bias    [OK]",
    "conv2d float16 4D both input and filter non-constant tensors default options    [OK]",
    "conv2d float16 4D both input and filter constant tensors default options    [OK]",
    "conv2d float16 4D input and filter tensors default options    [OK]",
    "conv2d float16 4D input and filter tensors options.padding    [OK]",
    "conv2d float16 4D input and filter tensors options.strides    [OK]",
    "conv2d float16 4D input and filter tensors options.dilations    [OK]",
    "depthwise conv2d float16 4D input and filter tensors options.groups= input_channels    [OK]",
    "conv2d float16 4D input and filter tensors options.inputLayout='nchw'    [OK]",
    "conv2d float16 4D input and filter tensors options.inputLayout='nhwc'    [OK]",
    "conv2d float16 4D input and filter tensors options.filterLayout='oihw'    [OK]",
    "conv2d float16 4D input and filter tensors options.filterLayout='hwio'    [OK]",
    "conv2d float16 4D input and filter tensors options.filterLayout='ohwi'    [OK]",
    "conv2d float16 4D input and filter tensors options.filterLayout='ihwo'    [OK]",
    "conv2d float16 4D input and filter tensors options.inputLayout='nhwc' and options.filterLayout='oihw'    [OK]",
    "conv2d float16 4D input and filter tensors options.inputLayout='nhwc' and options.filterLayout='hwio'    [OK]",
    "conv2d float16 4D input and filter tensors options.inputLayout='nhwc' and options.filterLayout='ohwi'    [OK]",
    "conv2d float16 4D input and filter tensors options.inputLayout='nhwc' and options.filterLayout='ihwo'    [OK]",
    "conv2d float16 4D input and filter tensors 1D options.bias    [OK]",
    "conv2d float16 4D input and filter tensors all options    [OK]",
    "conv2d float16 4D input and filter tensors, both negative input tensor and options.bias    [OK]",
    "convTranspose2d float32 4D both input and filter non-constant tensors default options    [OK]",
    "convTranspose2d float32 4D both input and filter constant tensors default options    [OK]",
    "convTranspose2d float32 4D input and filter tensors default options    [OK]",
    "convTranspose2d float32 4D input and filter tensors options.groups    [OK]",
    "convTranspose2d float32 4D input and filter tensors options.groups=2 options.strides=[2, 2]    [OK]",
    "convTranspose2d float32 4D input and filter tensors options.padding    [OK]",
    "convTranspose2d options.padding is the same upper padding    [OK]",
    "convTranspose2d float32 4D input and filter tensors options.strides    [OK]",
    "convTranspose2d float32 4D input and filter tensors options.dilations    [OK]",
    "convTranspose2d float32 4D input and filter tensors options.outputPadding    [OK]",
    "convTranspose2d float32 4D input and filter tensors options.outputSizes    [OK]",
    "convTranspose2d float32 4D input and filter tensors options.inputLayout=nchw    [OK]",
    "convTranspose2d float32 4D input and filter tensors options.inputLayout=nhwc    [OK]",
    "convTranspose2d float32 4D input and filter tensors options.filterLayout=iohw    [OK]",
    "convTranspose2d float32 4D input and filter tensors options.filterLayout=hwoi    [OK]",
    "convTranspose2d float32 4D input and filter tensors options.filterLayout=ohwi    [OK]",
    "convTranspose2d float32 4D input and filter tensors options.inputLayout=nhwc options.filterLayout=iohw    [OK]",
    "convTranspose2d float32 4D input and filter tensors options.inputLayout=nhwc options.filterLayout=hwoi    [OK]",
    "convTranspose2d float32 4D input and filter tensors options.inputLayout=nhwc options.filterLayout=ohwi    [OK]",
    "convTranspose2d float32 4D input and filter tensors options.bias    [OK]",
    "convTranspose2d float32 4D input and filter tensors, both negative input tensor and options.bias    [OK]",
    "convTranspose2d same output size different padding (padding=1, outputPadding=0))    [OK]",
    "convTranspose2d same output size different padding (padding=2, outputPadding=2))    [OK]",
    "convTranspose2d float16 4D both input and filter non-constant tensors default options    [OK]",
    "convTranspose2d float16 4D both input and filter constant tensors default options    [OK]",
    "convTranspose2d float16 4D input and filter tensors default options    [OK]",
    "convTranspose2d float16 4D input and filter tensors options.padding    [OK]",
    "convTranspose2d float16 input tensors options.padding is the same upper padding    [OK]",
    "convTranspose2d float16 4D input and filter tensors options.strides    [OK]",
    "convTranspose2d float16 4D input and filter tensors options.dilations    [OK]",
    "convTranspose2d float16 4D input and filter tensors options.outputPadding    [OK]",
    "convTranspose2d float16 4D input and filter tensors options.outputSizes    [OK]",
    "convTranspose2d float16 4D input and filter tensors options.inputLayout=nchw    [OK]",
    "convTranspose2d float16 4D input and filter tensors options.inputLayout=nhwc    [OK]",
    "convTranspose2d float16 4D input and filter tensors options.filterLayout=iohw    [OK]",
    "convTranspose2d float16 4D input and filter tensors options.filterLayout=hwoi    [OK]",
    "convTranspose2d float16 4D input and filter tensors options.filterLayout=ohwi    [OK]",
    "convTranspose2d float16 4D input and filter tensors options.inputLayout=nhwc options.filterLayout=iohw    [OK]",
    "convTranspose2d float16 4D input and filter tensors options.inputLayout=nhwc options.filterLayout=hwoi    [OK]",
    "convTranspose2d float16 4D input and filter tensors options.inputLayout=nhwc options.filterLayout=ohwi    [OK]",
    "convTranspose2d float16 4D input and filter tensors options.bias    [OK]",
    "convTranspose2d float16 4D input and filter tensors, both negative input tensor and options.bias    [OK]",
    "div float32 1D constant tensors    [OK]",
    "div float32 1D tensors    [OK]",
    "div float32 2D tensors    [OK]",
    "div float32 3D tensors    [OK]",
    "div float32 4D tensors    [OK]",
    "div float32 5D tensors    [OK]",
    "div float32 broadcast 1D to 4D    [OK]",
    "div float32 broadcast 2D to 4D    [OK]",
    "div float32 broadcast 3D to 4D    [OK]",
    "div float32 broadcast 4D to 4D    [OK]",
    "div float16 1D constant tensors    [OK]",
    "div float16 1D tensors    [OK]",
    "div float16 2D tensors    [OK]",
    "div float16 3D tensors    [OK]",
    "div float16 4D tensors    [OK]",
    "div float16 5D tensors    [OK]",
    "div float16 broadcast 1D to 4D    [OK]",
    "div float16 broadcast 2D to 4D    [OK]",
    "div float16 broadcast 3D to 4D    [OK]",
    "div float16 broadcast 4D to 4D    [OK]",
    "elu float32 positive 0D scalar default options    [OK]",
    "elu float32 negative 0D scalar default options    [OK]",
    "elu float32 1D constant tensor default options    [OK]",
    "elu float32 1D tensor default options    [OK]",
    "elu float32 2D tensor default options    [OK]",
    "elu float32 3D tensor default options    [OK]",
    "elu float32 4D tensor default options    [OK]",
    "elu float32 5D tensor default options    [OK]",
    "elu float32 4D tensor positive options.alpha    [OK]",
    "elu float32 4D tensor negative options.alpha    [OK]",
    "elu float16 positive 0D scalar default options    [OK]",
    "elu float16 negative 0D scalar default options    [OK]",
    "elu float16 1D constant tensor default options    [OK]",
    "elu float16 1D tensor default options    [OK]",
    "elu float16 2D tensor default options    [OK]",
    "elu float16 3D tensor default options    [OK]",
    "elu float16 4D tensor default options    [OK]",
    "elu float16 5D tensor default options    [OK]",
    "elu float16 4D tensor positive options.alpha    [OK]",
    "elu float16 4D tensor negative options.alpha    [OK]",
    "equal float32 0D scalar    [OK]",
    "equal float32 1D constant tensors    [OK]",
    "equal float32 1D tensors    [OK]",
    "equal float32 2D tensors    [OK]",
    "equal float32 3D tensors    [OK]",
    "equal float32 4D tensors    [OK]",
    "equal float32 5D tensors    [OK]",
    "equal float32 broadcast 0D to 4D    [OK]",
    "equal float32 broadcast 1D to 4D    [OK]",
    "equal float32 broadcast 2D to 4D    [OK]",
    "equal float32 broadcast 3D to 4D    [OK]",
    "equal float32 broadcast 4D to 4D    [OK]",
    "equal float16 0D scalar    [OK]",
    "equal float16 1D constant tensors    [OK]",
    "equal float16 1D tensors    [OK]",
    "equal float16 2D tensors    [OK]",
    "equal float16 3D tensors    [OK]",
    "equal float16 4D tensors    [OK]",
    "equal float16 5D tensors    [OK]",
    "equal float16 broadcast 0D to 4D    [OK]",
    "equal float16 broadcast 1D to 4D    [OK]",
    "equal float16 broadcast 2D to 4D    [OK]",
    "equal float16 broadcast 3D to 4D    [OK]",
    "equal float16 broadcast 4D to 4D    [OK]",
    "exp float32 0D scalar    [OK]",
    "exp float32 1D constant tensor    [OK]",
    "exp float32 1D tensor    [OK]",
    "exp float32 2D tensor    [OK]",
    "exp float32 3D tensor    [OK]",
    "exp float32 4D tensor    [OK]",
    "exp float32 5D tensor    [OK]",
    "exp float16 0D scalar    [OK]",
    "exp float16 1D constant tensor    [OK]",
    "exp float16 1D tensor    [OK]",
    "exp float16 2D tensor    [OK]",
    "exp float16 3D tensor    [OK]",
    "exp float16 4D tensor    [OK]",
    "exp float16 5D tensor    [OK]",
    "expand float32 0D scalar to 1D    [OK]",
    "expand float32 0D scalar to 2D    [OK]",
    "expand float32 0D scalar to 3D    [OK]",
    "expand float32 0D scalar to 4D    [OK]",
    "expand float32 0D scalar to 5D    [OK]",
    "expand float32 1D constant tensor to 1D    [OK]",
    "expand float32 1D tensor to 1D    [OK]",
    "expand float32 1D tensor to 2D    [OK]",
    "expand float32 1D tensor to 3D    [OK]",
    "expand float32 1D tensor to 4D    [OK]",
    "expand float32 1D tensor to 5D    [OK]",
    "expand float32 2D tensor to 2D (1st dimension)    [OK]",
    "expand float32 2D tensor to 2D (2nd dimension)    [OK]",
    "expand float32 2D tensor to 2D (all dimensions)    [OK]",
    "expand float32 2D tensor to 3D    [OK]",
    "expand float32 2D tensor to 4D    [OK]",
    "expand float32 2D tensor to 5D    [OK]",
    "expand float32 3D tensor to 3D    [OK]",
    "expand float32 3D tensor to 4D    [OK]",
    "expand float32 3D tensor to 5D    [OK]",
    "expand float32 4D tensor to 4D    [OK]",
    "expand float32 4D tensor to 5D    [OK]",
    "expand float16 0D scalar to 1D    [OK]",
    "expand float16 0D scalar to 2D    [OK]",
    "expand float16 0D scalar to 3D    [OK]",
    "expand float16 0D scalar to 4D    [OK]",
    "expand float16 0D scalar to 5D    [OK]",
    "expand float16 1D constant tensor to 1D    [OK]",
    "expand float16 1D tensor to 1D    [OK]",
    "expand float16 1D tensor to 2D    [OK]",
    "expand float16 1D tensor to 3D    [OK]",
    "expand float16 1D tensor to 4D    [OK]",
    "expand float16 1D tensor to 5D    [OK]",
    "expand float16 2D tensor to 2D (1st dimension)    [OK]",
    "expand float16 2D tensor to 2D (2nd dimension)    [OK]",
    "expand float16 2D tensor to 2D (all dimensions)    [OK]",
    "expand float16 2D tensor to 3D    [OK]",
    "expand float16 2D tensor to 4D    [OK]",
    "expand float16 2D tensor to 5D    [OK]",
    "expand float16 3D tensor to 3D    [OK]",
    "expand float16 3D tensor to 4D    [OK]",
    "expand float16 3D tensor to 5D    [OK]",
    "expand float16 4D tensor to 4D    [OK]",
    "expand float16 4D tensor to 5D    [OK]",
    "floor float32 0D scalar    [OK]",
    "floor float32 1D constant tensor    [OK]",
    "floor float32 1D tensor    [OK]",
    "floor float32 2D tensor    [OK]",
    "floor float32 3D tensor    [OK]",
    "floor float32 4D tensor    [OK]",
    "floor float32 5D tensor    [OK]",
    "floor float16 0D scalar    [OK]",
    "floor float16 1D constant tensor    [OK]",
    "floor float16 1D tensor    [OK]",
    "floor float16 2D tensor    [OK]",
    "floor float16 3D tensor    [OK]",
    "floor float16 4D tensor    [OK]",
    "floor float16 5D tensor    [OK]",
    "gather float32 1D tensor and uint32 0D scalar indices default options    [OK]",
    "gather float32 1D tensor and int64 0D scalar indices default options    [OK]",
    "gather float32 1D tensor and int32 0D scalar indices default options    [OK]",
    "gather float32 1D tensor and int32 1D indices default options    [OK]",
    "gather float32 1D tensor and int32 2D indices default options    [OK]",
    "gather float32 1D tensor and int32 3D indices default options    [OK]",
    "gather float32 1D tensor and int32 4D indices default options    [OK]",
    "gather float32 2D tensor and 0D scalar indices default options    [OK]",
    "gather float32 2D tensor and 1D indices default options    [OK]",
    "gather float32 2D tensor and 2D indices default options    [OK]",
    "gather float32 2D tensor and 3D indices default options    [OK]",
    "gather float32 2D tensor and 4D indices default options    [OK]",
    "gather float32 3D tensor and 2D indices default options    [OK]",
    "gather float32 4D tensor and 2D indices default options    [OK]",
    "gather float32 5D tensor and 1D indices default options    [OK]",
    "gather float32 3D tensor and 1D indices options.axis=1    [OK]",
    "gather float32 3D tensor and 2D indices options.axis=2    [OK]",
    "gather float32 4D tensor and 2D indices explict options.axis=0    [OK]",
    "gather float32 5D tensor and 0D scalar indices options.axis=4    [OK]",
    "gather float32 2D tensor and int32 0D negative indices default options    [OK]",
    "gather float32 2D tensor and int32 0D out-of-bound positive indices default options    [OK]",
    "gather float32 2D tensor and int32 0D out-of-bound negative indices default options    [OK]",
    "gather float16 1D tensor and uint32 0D scalar indices default options    [OK]",
    "gather float16 1D tensor and int64 0D scalar indices default options    [OK]",
    "gather float16 1D tensor and int32 0D scalar indices default options    [OK]",
    "gather float16 1D tensor and int32 1D indices default options    [OK]",
    "gather float16 1D tensor and int32 2D indices default options    [OK]",
    "gather float16 1D tensor and int32 3D indices default options    [OK]",
    "gather float16 1D tensor and int32 4D indices default options    [OK]",
    "gather float16 2D tensor and 0D scalar indices default options    [OK]",
    "gather float16 2D tensor and 1D indices default options    [OK]",
    "gather float16 2D tensor and 2D indices default options    [OK]",
    "gather float16 2D tensor and 3D indices default options    [OK]",
    "gather float16 2D tensor and 4D indices default options    [OK]",
    "gather float16 3D tensor and 2D indices default options    [OK]",
    "gather float16 4D tensor and 2D indices default options    [OK]",
    "gather float16 5D tensor and 1D indices default options    [OK]",
    "gather float16 3D tensor and 1D indices options.axis=1    [OK]",
    "gather float16 3D tensor and 2D indices options.axis=2    [OK]",
    "gather float16 4D tensor and 2D indices explict options.axis=0    [OK]",
    "gather float16 5D tensor and 0D scalar indices options.axis=4    [OK]",
    "gather float16 2D tensor and int32 0D negative indices default options    [OK]",
    "greater float32 0D scalar    [OK]",
    "greater float32 1D constant tensors    [OK]",
    "greater float32 1D tensors    [OK]",
    "greater float32 2D tensors    [OK]",
    "greater float32 3D tensors    [OK]",
    "greater float32 4D tensors    [OK]",
    "greater float32 5D tensors    [OK]",
    "greater float32 broadcast 0D to 4D    [OK]",
    "greater float32 broadcast 1D to 4D    [OK]",
    "greater float32 broadcast 2D to 4D    [OK]",
    "greater float32 broadcast 3D to 4D    [OK]",
    "greater float32 broadcast 4D to 4D    [OK]",
    "greater float16 0D scalar    [OK]",
    "greater float16 1D constant tensors    [OK]",
    "greater float16 1D tensors    [OK]",
    "greater float16 2D tensors    [OK]",
    "greater float16 3D tensors    [OK]",
    "greater float16 4D tensors    [OK]",
    "greater float16 5D tensors    [OK]",
    "greater float16 broadcast 0D to 4D    [OK]",
    "greater float16 broadcast 1D to 4D    [OK]",
    "greater float16 broadcast 2D to 4D    [OK]",
    "greater float16 broadcast 3D to 4D    [OK]",
    "greater float16 broadcast 4D to 4D    [OK]",
    "greaterOrEqual float32 0D scalar    [OK]",
    "greaterOrEqual float32 1D constant tensors    [OK]",
    "greaterOrEqual float32 1D tensors    [OK]",
    "greaterOrEqual float32 2D tensors    [OK]",
    "greaterOrEqual float32 3D tensors    [OK]",
    "greaterOrEqual float32 4D tensors    [OK]",
    "greaterOrEqual float32 5D tensors    [OK]",
    "greaterOrEqual float32 broadcast 0D to 4D    [OK]",
    "greaterOrEqual float32 broadcast 1D to 4D    [OK]",
    "greaterOrEqual float32 broadcast 2D to 4D    [OK]",
    "greaterOrEqual float32 broadcast 3D to 4D    [OK]",
    "greaterOrEqual float32 broadcast 4D to 4D    [OK]",
    "greaterOrEqual float16 0D scalar    [OK]",
    "greaterOrEqual float16 1D constant tensors    [OK]",
    "greaterOrEqual float16 1D tensors    [OK]",
    "greaterOrEqual float16 2D tensors    [OK]",
    "greaterOrEqual float16 3D tensors    [OK]",
    "greaterOrEqual float16 4D tensors    [OK]",
    "greaterOrEqual float16 5D tensors    [OK]",
    "greaterOrEqual float16 broadcast 0D to 4D    [OK]",
    "greaterOrEqual float16 broadcast 1D to 4D    [OK]",
    "greaterOrEqual float16 broadcast 2D to 4D    [OK]",
    "greaterOrEqual float16 broadcast 3D to 4D    [OK]",
    "greaterOrEqual float16 broadcast 4D to 4D    [OK]",
    "hardSigmoid float32 positive 0D tensor default options    [OK]",
    "hardSigmoid float32 positive 1D constant tensor default options    [OK]",
    "hardSigmoid float32 positive 1D tensor default options    [OK]",
    "hardSigmoid float32 positive 2D tensor default options    [OK]",
    "hardSigmoid float32 positive 3D tensor default options    [OK]",
    "hardSigmoid float32 positive 4D tensor default options    [OK]",
    "hardSigmoid float32 positive 5D tensor default options    [OK]",
    "hardSigmoid float32 positive 4D tensor specified positive options.alpha default options.beta    [OK]",
    "hardSigmoid float32 negative 4D tensor specified negative options.alpha default options.beta    [OK]",
    "hardSigmoid float32 positive 4D tensor specified positive options.beta default options.alpha    [OK]",
    "hardSigmoid float32 negative 4D tensor specified negative options.beta default options.alpha    [OK]",
    "hardSigmoid float32 positive 4D tensor specified all options (positive options.alpha and positive options.beta)    [OK]",
    "hardSigmoid float32 positive 4D tensor specified all options (negative options.alpha and negative options.beta)    [OK]",
    "hardSigmoid float32 negative 4D tensor all options (positive options.alpha and negative options.beta)    [OK]",
    "hardSigmoid float32 negative 4D tensor specified all options (negative options.alpha and positive options.beta)    [OK]",
    "hardSigmoid float16 positive 0D tensor default options    [OK]",
    "hardSigmoid float16 positive 1D constant tensor default options    [OK]",
    "hardSigmoid float16 positive 1D tensor default options    [OK]",
    "hardSigmoid float16 positive 2D tensor default options    [OK]",
    "hardSigmoid float16 positive 3D tensor default options    [OK]",
    "hardSigmoid float16 positive 4D tensor default options    [OK]",
    "hardSigmoid float16 positive 5D tensor default options    [OK]",
    "hardSigmoid float16 positive 4D tensor specified positive options.alpha default options.beta    [OK]",
    "hardSigmoid float16 negative 4D tensor specified negative options.alpha default options.beta    [OK]",
    "hardSigmoid float16 positive 4D tensor specified positive options.beta default options.alpha    [OK]",
    "hardSigmoid float16 negative 4D tensor specified negative options.beta default options.alpha    [OK]",
    "hardSigmoid float16 positive 4D tensor specified all options (positive options.alpha and positive options.beta)    [OK]",
    "hardSigmoid float16 positive 4D tensor specified all options (negative options.alpha and negative options.beta)    [OK]",
    "hardSigmoid float16 negative 4D tensor all options (positive options.alpha and negative options.beta)    [OK]",
    "hardSigmoid float16 negative 4D tensor specified all options (negative options.alpha and positive options.beta)    [OK]",
    "hardSwish float32 0D tensor    [OK]",
    "hardSwish float32 1D constant tensor    [OK]",
    "hardSwish float32 1D tensor    [OK]",
    "hardSwish float32 2D tensor    [OK]",
    "hardSwish float32 3D tensor    [OK]",
    "hardSwish float32 4D tensor    [OK]",
    "hardSwish float32 5D tensor    [OK]",
    "hardSwish float16 0D tensor    [OK]",
    "hardSwish float16 1D constant tensor    [OK]",
    "hardSwish float16 1D tensor    [OK]",
    "hardSwish float16 2D tensor    [OK]",
    "hardSwish float16 3D tensor    [OK]",
    "hardSwish float16 4D tensor    [OK]",
    "hardSwish float16 5D tensor    [OK]",
    "instanceNormalization float32 4D tensor default options    [OK]",
    "instanceNormalization float32 4D tensor options.scale    [OK]",
    "instanceNormalization float32 4D tensor options.bias    [OK]",
    "instanceNormalization float32 4D tensor options.epsilon    [OK]",
    "instanceNormalization float32 4D tensor explicit options.layout='nchw'    [OK]",
    "instanceNormalization float32 4D tensor options.layout='nhwc'    [OK]",
    "instanceNormalization float32 4D tensor all options    [OK]",
    "instanceNormalization float16 4D tensor default options    [OK]",
    "instanceNormalization float16 4D tensor options.scale    [OK]",
    "instanceNormalization float16 4D tensor options.bias    [OK]",
    "instanceNormalization float16 4D tensor options.epsilon    [OK]",
    "instanceNormalization float16 4D tensor explicit options.layout='nchw'    [OK]",
    "instanceNormalization float16 4D tensor options.layout='nhwc'    [OK]",
    "instanceNormalization float16 4D tensor all options    [OK]",
    "layerNormalization float32 0D tensor default options    [OK]",
    "layerNormalization float32 2D tensor default options    [OK]",
    "layerNormalization float32 2D tensor axes=[] and options.bias    [OK]",
    "layerNormalization float32 2D tensor axes=[]    [OK]",
    "layerNormalization float32 3D tensor default options    [OK]",
    "layerNormalization float32 4D tensor default options    [OK]",
    "layerNormalization float32 5D tensor default options    [OK]",
    "layerNormalization float32 4D tensor options.scale    [OK]",
    "layerNormalization float32 4D tensor options.bias    [OK]",
    "layerNormalization float32 4D tensor options.axes=[2]    [OK]",
    "layerNormalization float32 4D tensor options.epsilon    [OK]",
    "layerNormalization float32 4D tensor options.scale and options.axes=[0, 2]    [OK]",
    "layerNormalization float32 4D tensor options.bias and options.axes=[3, 1, 2]    [OK]",
    "layerNormalization float32 4D tensor all options    [OK]",
    "layerNormalization float16 2D tensor default options    [OK]",
    "layerNormalization float16 3D tensor default options    [OK]",
    "layerNormalization float16 4D tensor default options    [OK]",
    "layerNormalization float16 5D tensor default options    [OK]",
    "layerNormalization float16 4D tensor options.scale    [OK]",
    "layerNormalization float16 4D tensor options.bias    [OK]",
    "layerNormalization float16 4D tensor options.axes=[2]    [OK]",
    "layerNormalization float16 4D tensor options.epsilon    [OK]",
    "layerNormalization float16 4D tensor options.scale and options.axes=[0, 2]    [OK]",
    "layerNormalization float16 4D tensor options.bias and options.axes=[3, 1, 2]    [OK]",
    "layerNormalization float16 4D tensor all options    [OK]",
    "leakyRelu float32 1D constant tensor default options    [OK]",
    "leakyRelu float32 0D tensor default options    [OK]",
    "leakyRelu float32 1D tensor default options    [OK]",
    "leakyRelu float32 2D tensor default options    [OK]",
    "leakyRelu float32 3D tensor default options    [OK]",
    "leakyRelu float32 4D tensor default options    [OK]",
    "leakyRelu float32 5D tensor default options    [OK]",
    "leakyRelu float32 1D tensor negative options.alpha    [OK]",
    "leakyRelu float32 2D tensor positive options.alpha    [OK]",
    "leakyRelu float32 5D tensor options.alpha=0.0    [OK]",
    "leakyRelu float16 1D constant tensor default options    [OK]",
    "leakyRelu float16 0D tensor default options    [OK]",
    "leakyRelu float16 1D tensor default options    [OK]",
    "leakyRelu float16 2D tensor default options    [OK]",
    "leakyRelu float16 3D tensor default options    [OK]",
    "leakyRelu float16 4D tensor default options    [OK]",
    "leakyRelu float16 5D tensor default options    [OK]",
    "leakyRelu float16 1D tensor negative options.alpha    [OK]",
    "leakyRelu float16 2D tensor positive options.alpha    [OK]",
    "leakyRelu float16 5D tensor options.alpha=0.0    [OK]",
    "lesser float32 0D scalar    [OK]",
    "lesser float32 1D constant tensors    [OK]",
    "lesser float32 1D tensors    [OK]",
    "lesser float32 2D tensors    [OK]",
    "lesser float32 3D tensors    [OK]",
    "lesser float32 4D tensors    [OK]",
    "lesser float32 5D tensors    [OK]",
    "lesser float32 broadcast 0D to 4D    [OK]",
    "lesser float32 broadcast 1D to 4D    [OK]",
    "lesser float32 broadcast 2D to 4D    [OK]",
    "lesser float32 broadcast 3D to 4D    [OK]",
    "lesser float32 broadcast 4D to 4D    [OK]",
    "lesser float16 0D scalar    [OK]",
    "lesser float16 1D constant tensors    [OK]",
    "lesser float16 1D tensors    [OK]",
    "lesser float16 2D tensors    [OK]",
    "lesser float16 3D tensors    [OK]",
    "lesser float16 4D tensors    [OK]",
    "lesser float16 5D tensors    [OK]",
    "lesser float16 broadcast 0D to 4D    [OK]",
    "lesser float16 broadcast 1D to 4D    [OK]",
    "lesser float16 broadcast 2D to 4D    [OK]",
    "lesser float16 broadcast 3D to 4D    [OK]",
    "lesser float16 broadcast 4D to 4D    [OK]",
    "lesserOrEqual float32 0D scalar    [OK]",
    "lesserOrEqual float32 1D constant tensors    [OK]",
    "lesserOrEqual float32 1D tensors    [OK]",
    "lesserOrEqual float32 2D tensors    [OK]",
    "lesserOrEqual float32 3D tensors    [OK]",
    "lesserOrEqual float32 4D tensors    [OK]",
    "lesserOrEqual float32 5D tensors    [OK]",
    "lesserOrEqual float32 broadcast 0D to 4D    [OK]",
    "lesserOrEqual float32 broadcast 1D to 4D    [OK]",
    "lesserOrEqual float32 broadcast 2D to 4D    [OK]",
    "lesserOrEqual float32 broadcast 3D to 4D    [OK]",
    "lesserOrEqual float32 broadcast 4D to 4D    [OK]",
    "lesserOrEqual float16 0D scalar    [OK]",
    "lesserOrEqual float16 1D constant tensors    [OK]",
    "lesserOrEqual float16 1D tensors    [OK]",
    "lesserOrEqual float16 2D tensors    [OK]",
    "lesserOrEqual float16 3D tensors    [OK]",
    "lesserOrEqual float16 4D tensors    [OK]",
    "lesserOrEqual float16 5D tensors    [OK]",
    "lesserOrEqual float16 broadcast 0D to 4D    [OK]",
    "lesserOrEqual float16 broadcast 1D to 4D    [OK]",
    "lesserOrEqual float16 broadcast 2D to 4D    [OK]",
    "lesserOrEqual float16 broadcast 3D to 4D    [OK]",
    "lesserOrEqual float16 broadcast 4D to 4D    [OK]",
    "linear float32 1D constant tensor default options    [OK]",
    "linear float32 0D tensor default options    [OK]",
    "linear float32 1D tensor default options    [OK]",
    "linear float32 2D tensor default options    [OK]",
    "linear float32 3D tensor default options    [OK]",
    "linear float32 4D tensor default options    [OK]",
    "linear float32 5D tensor default options    [OK]",
    "linear float32 4D tensor specified options.alpha and default options.beta    [OK]",
    "linear float32 positive 4D tensor specified positive options.beta and default options.alpha    [OK]",
    "linear float32 negative 4D tensor specified negative options.beta and default options.alpha    [OK]",
    "linear float32 positive 4D tensor all options (positive options.alpha and positive options.beta)    [OK]",
    "linear float32 positive 4D tensor all options (negative options.alpha and negative options.beta)    [OK]",
    "linear float32 negative 4D tensor all options (positive options.alpha and negative options.beta)    [OK]",
    "linear float16 1D constant tensor default options    [OK]",
    "linear float16 0D tensor default options    [OK]",
    "linear float16 1D tensor default options    [OK]",
    "linear float16 2D tensor default options    [OK]",
    "linear float16 3D tensor default options    [OK]",
    "linear float16 4D tensor default options    [OK]",
    "linear float16 5D tensor default options    [OK]",
    "linear float16 4D tensor specified options.alpha and default options.beta    [OK]",
    "linear float16 positive 4D tensor specified positive options.beta and default options.alpha    [OK]",
    "linear float16 negative 4D tensor specified negative options.beta and default options.alpha    [OK]",
    "linear float16 positive 4D tensor all options (positive options.alpha and positive options.beta)    [OK]",
    "linear float16 positive 4D tensor all options (negative options.alpha and negative options.beta)    [OK]",
    "linear float16 negative 4D tensor all options (positive options.alpha and negative options.beta)    [OK]",
    "log float32 positive 0D scalar    [OK]",
    "log float32 positive 1D constant tensor    [OK]",
    "log float32 positive 1D tensor    [OK]",
    "log float32 positive 2D tensor    [OK]",
    "log float32 positive 3D tensor    [OK]",
    "log float32 positive 4D tensor    [OK]",
    "log float32 positive 5D tensor    [OK]",
    "log float16 positive 0D scalar    [OK]",
    "log float16 positive 1D constant tensor    [OK]",
    "log float16 positive 1D tensor    [OK]",
    "log float16 positive 2D tensor    [OK]",
    "log float16 positive 3D tensor    [OK]",
    "log float16 positive 4D tensor    [OK]",
    "log float16 positive 5D tensor    [OK]",
    "logicalNot uint8 0D scalar    [OK]",
    "logicalNot uint8 1D constant tensor    [OK]",
    "logicalNot uint8 1D tensor    [OK]",
    "logicalNot uint8 2D tensor    [OK]",
    "logicalNot uint8 3D tensor    [OK]",
    "logicalNot uint8 4D tensor    [OK]",
    "logicalNot uint8 5D tensor    [OK]",
    "matmul float32 2D and 2D tensors    [OK]",
    "matmul float32 3D and 3D tensors    [OK]",
    "matmul float32 4D and 4D tensors    [OK]",
    "matmul float32 3D and 3D (broadcast) tensors    [OK]",
    "matmul float32 3D and 2D tensors    [OK]",
    "matmul float32 4D and 4D (broadcast) tensors    [OK]",
    "matmul float32 4D and 3D tensors    [OK]",
    "matmul float32 5D and 5D tensors, broadcast the two leftmost dimensions of inputB    [OK]",
    "matmul float32 5D and 5D tensors, broadcast the leftmost dimensions of inputB    [OK]",
    "matmul float32 5D and 2D tensors    [OK]",
    "matmul float16 2D and 2D tensors    [OK]",
    "matmul float16 3D and 3D tensors    [OK]",
    "matmul float16 4D and 4D tensors    [OK]",
    "matmul float16 3D and 3D (broadcast) tensors    [OK]",
    "matmul float16 3D and 2D tensors    [OK]",
    "matmul float16 4D and 4D (broadcast) tensors    [OK]",
    "matmul float16 4D and 3D tensors    [OK]",
    "matmul float16 5D and 5D tensors, broadcast the two leftmost dimensions of inputB    [OK]",
    "matmul float16 5D and 5D tensors, broadcast the leftmost dimensions of inputB    [OK]",
    "matmul float16 5D and 2D tensors    [OK]",
    "matmul float32 2D tensors with K dimension size > 8192    [OK]",
    "matmul float32 3D tensors with K dimension size > 8192    [OK]",
    "max float32 1D constant tensors    [OK]",
    "max float32 1D tensors    [OK]",
    "max float32 2D tensors    [OK]",
    "max float32 3D tensors    [OK]",
    "max float32 4D tensors    [OK]",
    "max float32 5D tensors    [OK]",
    "max float32 broadcast 1D to 4D    [OK]",
    "max float32 broadcast 2D to 4D    [OK]",
    "max float32 broadcast 3D to 4D    [OK]",
    "max float32 broadcast 4D to 4D    [OK]",
    "max float16 1D constant tensors    [OK]",
    "max float16 1D tensors    [OK]",
    "max float16 2D tensors    [OK]",
    "max float16 3D tensors    [OK]",
    "max float16 4D tensors    [OK]",
    "max float16 5D tensors    [OK]",
    "max float16 broadcast 1D to 4D    [OK]",
    "max float16 broadcast 2D to 4D    [OK]",
    "max float16 broadcast 3D to 4D    [OK]",
    "max float16 broadcast 4D to 4D    [OK]",
    "min float32 1D constant tensors    [OK]",
    "min float32 1D tensors    [OK]",
    "min float32 2D tensors    [OK]",
    "min float32 3D tensors    [OK]",
    "min float32 4D tensors    [OK]",
    "min float32 5D tensors    [OK]",
    "min float32 broadcast 1D to 4D    [OK]",
    "min float32 broadcast 2D to 4D    [OK]",
    "min float32 broadcast 3D to 4D    [OK]",
    "min float32 broadcast 4D to 4D    [OK]",
    "min float16 1D constant tensors    [OK]",
    "min float16 1D tensors    [OK]",
    "min float16 2D tensors    [OK]",
    "min float16 3D tensors    [OK]",
    "min float16 4D tensors    [OK]",
    "min float16 5D tensors    [OK]",
    "min float16 broadcast 1D to 4D    [OK]",
    "min float16 broadcast 2D to 4D    [OK]",
    "min float16 broadcast 3D to 4D    [OK]",
    "min float16 broadcast 4D to 4D    [OK]",
    "mul float32 1D constant tensors    [OK]",
    "mul float32 1D tensors    [OK]",
    "mul float32 2D tensors    [OK]",
    "mul float32 3D tensors    [OK]",
    "mul float32 4D tensors    [OK]",
    "mul float32 5D tensors    [OK]",
    "mul float32 broadcast 1D to 4D    [OK]",
    "mul float32 broadcast 2D to 4D    [OK]",
    "mul float32 broadcast 3D to 4D    [OK]",
    "mul float32 broadcast 4D to 4D    [OK]",
    "mul float16 1D constant tensors    [OK]",
    "mul float16 1D tensors    [OK]",
    "mul float16 2D tensors    [OK]",
    "mul float16 3D tensors    [OK]",
    "mul float16 4D tensors    [OK]",
    "mul float16 5D tensors    [OK]",
    "mul float16 broadcast 1D to 4D    [OK]",
    "mul float16 broadcast 2D to 4D    [OK]",
    "mul float16 broadcast 3D to 4D    [OK]",
    "mul float16 broadcast 4D to 4D    [OK]",
    "neg float32 positive 0D scalar    [OK]",
    "neg float32 negative 0D scalar    [OK]",
    "neg float32 1D constant tensor    [OK]",
    "neg float32 1D tensor    [OK]",
    "neg float32 2D tensor    [OK]",
    "neg float32 3D tensor    [OK]",
    "neg float32 4D tensor    [OK]",
    "neg float32 5D tensor    [OK]",
    "neg float16 positive 0D scalar    [OK]",
    "neg float16 negative 0D scalar    [OK]",
    "neg float16 1D constant tensor    [OK]",
    "neg float16 1D tensor    [OK]",
    "neg float16 2D tensor    [OK]",
    "neg float16 3D tensor    [OK]",
    "neg float16 4D tensor    [OK]",
    "neg float16 5D tensor    [OK]",
    "neg int8 4D tensor    [OK]",
    "neg int32 4D tensor    [OK]",
    "neg int64 4D tensor    [OK]",
    "pow float32 constant 1D base tensor and 1D integer exponent tensor    [OK]",
    "pow float32 1D base tensor and 1D integer exponent tensor    [OK]",
    "pow float32 2D base tensor and 2D integer exponent tensor    [OK]",
    "pow float32 3D base tensor and 3D integer exponent tensor    [OK]",
    "pow float32 4D base tensor and 4D integer exponent tensor    [OK]",
    "pow float32 5D base tensor and 5D integer exponent tensor    [OK]",
    "pow (square) float32 4D base tensor and broadcastable 0D integer exponent scalar    [OK]",
    "pow (sqrt) float32 4D positive base tensor and broadcastable 0D integer exponent scalar    [OK]",
    "pow float32 4D base tensor and broadcastable 2D integer exponent tensor    [OK]",
    "pow float32 4D base tensor and broadcastable 3D integer exponent tensor    [OK]",
    "pow float16 constant 1D base tensor and 1D integer exponent tensor    [OK]",
    "pow float16 1D base tensor and 1D integer exponent tensor    [OK]",
    "pow float16 2D base tensor and 2D integer exponent tensor    [OK]",
    "pow float16 3D base tensor and 3D integer exponent tensor    [OK]",
    "pow float16 4D base tensor and 4D integer exponent tensor    [OK]",
    "pow float16 5D base tensor and 5D integer exponent tensor    [OK]",
    "pow (square) float16 4D base tensor and broadcastable 0D integer exponent scalar    [OK]",
    "pow (sqrt) float16 4D positive base tensor and broadcastable 0D integer exponent scalar    [OK]",
    "pow float16 4D base tensor and broadcastable 2D integer exponent tensor    [OK]",
    "pow float16 4D base tensor and broadcastable 3D integer exponent tensor    [OK]",
    "reduceL1 float32 0D constant tensor default options    [OK]",
    "reduceL1 float32 0D tensor default options    [OK]",
    "reduceL1 float32 0D constant tensor empty axes    [OK]",
    "reduceL1 float32 0D tensor empty axes    [OK]",
    "reduceL1 float32 1D constant tensor empty axes    [OK]",
    "reduceL1 float32 1D constant tensor all positive default options    [OK]",
    "reduceL1 float32 1D tensor all positive default options    [OK]",
    "reduceL1 float32 1D tensor all negative default options    [OK]",
    "reduceL1 float32 1D tensor all positive integers default options    [OK]",
    "reduceL1 float32 1D tensor all negative integers default options    [OK]",
    "reduceL1 float32 2D tensor default options    [OK]",
    "reduceL1 float32 3D tensor default options    [OK]",
    "reduceL1 float32 4D tensor default options    [OK]",
    "reduceL1 float32 5D tensor default options    [OK]",
    "reduceL1 float32 3D tensor options.axes    [OK]",
    "reduceL1 float32 4D tensor options.axes    [OK]",
    "reduceL1 float32 3D tensor options.keepDimensions=false    [OK]",
    "reduceL1 float32 3D tensor options.keepDimensions=true    [OK]",
    "reduceL1 float32 4D tensor options.keepDimensions=false    [OK]",
    "reduceL1 float32 4D tensor options.keepDimensions=true    [OK]",
    "reduceL1 float32 4D tensor options.axes with options.keepDimensions=false    [OK]",
    "reduceL1 float32 4D tensor options.axes with options.keepDimensions=true    [OK]",
    "reduceL1 float16 0D constant tensor default options    [OK]",
    "reduceL1 float16 0D tensor default options    [OK]",
    "reduceL1 float16 0D constant tensor empty axes    [OK]",
    "reduceL1 float16 0D tensor empty axes    [OK]",
    "reduceL1 float16 1D constant tensor all positive default options    [OK]",
    "reduceL1 float16 1D tensor all positive default options    [OK]",
    "reduceL1 float16 1D tensor all negative default options    [OK]",
    "reduceL1 float16 1D tensor all positive integers default options    [OK]",
    "reduceL1 float16 1D tensor all negative integers default options    [OK]",
    "reduceL1 float16 2D tensor default options    [OK]",
    "reduceL1 float16 3D tensor default options    [OK]",
    "reduceL1 float16 4D tensor default options    [OK]",
    "reduceL1 float16 5D tensor default options    [OK]",
    "reduceL1 float16 3D tensor options.axes    [OK]",
    "reduceL1 float16 4D tensor options.axes    [OK]",
    "reduceL1 float16 3D tensor options.keepDimensions=false    [OK]",
    "reduceL1 float16 3D tensor options.keepDimensions=true    [OK]",
    "reduceL1 float16 4D tensor options.keepDimensions=false    [OK]",
    "reduceL1 float16 4D tensor options.keepDimensions=true    [OK]",
    "reduceL1 float16 4D tensor options.axes with options.keepDimensions=false    [OK]",
    "reduceL1 float16 4D tensor options.axes with options.keepDimensions=true    [OK]",
    "reduceL1 int32 4D tensor options.axes with options.keepDimensions=true    [OK]",
    "reduceL1 uint32 4D tensor options.axes with options.keepDimensions=false    [OK]",
    "reduceL2 float32 0D constant tensor default options    [OK]",
    "reduceL2 float32 0D tensor default options    [OK]",
    "reduceL2 float32 0D constant tensor empty axes    [OK]",
    "reduceL2 float32 0D tensor empty axes    [OK]",
    "reduceL2 float32 1D constant tensor empty axes    [OK]",
    "reduceL2 float32 1D constant tensor all positive default options    [OK]",
    "reduceL2 float32 1D tensor all positive default options    [OK]",
    "reduceL2 float32 1D tensor all negative default options    [OK]",
    "reduceL2 float32 1D tensor all positive integers default options    [OK]",
    "reduceL2 float32 1D tensor all negative integers default options    [OK]",
    "reduceL2 float32 2D tensor default options    [OK]",
    "reduceL2 float32 3D tensor default options    [OK]",
    "reduceL2 float32 4D tensor default options    [OK]",
    "reduceL2 float32 5D tensor default options    [OK]",
    "reduceL2 float32 3D tensor options.axes    [OK]",
    "reduceL2 float32 4D tensor options.axes    [OK]",
    "reduceL2 float32 3D tensor options.keepDimensions=false    [OK]",
    "reduceL2 float32 3D tensor options.keepDimensions=true    [OK]",
    "reduceL2 float32 4D tensor options.keepDimensions=false    [OK]",
    "reduceL2 float32 4D tensor options.keepDimensions=true    [OK]",
    "reduceL2 float32 4D tensor options.axes with options.keepDimensions=false    [OK]",
    "reduceL2 float32 4D tensor options.axes with options.keepDimensions=true    [OK]",
    "reduceL2 float16 0D constant tensor default options    [OK]",
    "reduceL2 float16 0D tensor default options    [OK]",
    "reduceL2 float16 0D constant tensor empty axes    [OK]",
    "reduceL2 float16 0D tensor empty axes    [OK]",
    "reduceL2 float16 1D constant tensor all positive default options    [OK]",
    "reduceL2 float16 1D tensor all positive default options    [OK]",
    "reduceL2 float16 1D tensor all negative default options    [OK]",
    "reduceL2 float16 1D tensor all positive integers default options    [OK]",
    "reduceL2 float16 1D tensor all negative integers default options    [OK]",
    "reduceL2 float16 2D tensor default options    [OK]",
    "reduceL2 float16 3D tensor default options    [OK]",
    "reduceL2 float16 4D tensor default options    [OK]",
    "reduceL2 float16 5D tensor default options    [OK]",
    "reduceL2 float16 3D tensor options.axes    [OK]",
    "reduceL2 float16 4D tensor options.axes    [OK]",
    "reduceL2 float16 3D tensor options.keepDimensions=false    [OK]",
    "reduceL2 float16 3D tensor options.keepDimensions=true    [OK]",
    "reduceL2 float16 4D tensor options.keepDimensions=false    [OK]",
    "reduceL2 float16 4D tensor options.keepDimensions=true    [OK]",
    "reduceL2 float16 4D tensor options.axes with options.keepDimensions=false    [OK]",
    "reduceL2 float16 4D tensor options.axes with options.keepDimensions=true    [OK]",
    "reduceLogSum float32 0D constant tensor default options    [OK]",
    "reduceLogSum float32 0D tensor default options    [OK]",
    "reduceLogSum float32 0D constant tensor empty axes    [OK]",
    "reduceLogSum float32 0D tensor empty axes    [OK]",
    "reduceLogSum float32 1D constant tensor empty axes    [OK]",
    "reduceLogSum float32 1D constant tensor all non-negative default options    [OK]",
    "reduceLogSum float32 1D tensor all non-negative default options    [OK]",
    "reduceLogSum float32 1D tensor all non-negative integers default options    [OK]",
    "reduceLogSum float32 2D tensor default options    [OK]",
    "reduceLogSum float32 3D tensor default options    [OK]",
    "reduceLogSum float32 4D tensor default options    [OK]",
    "reduceLogSum float32 5D tensor default options    [OK]",
    "reduceLogSum float32 3D tensor options.axes    [OK]",
    "reduceLogSum float32 4D tensor options.axes    [OK]",
    "reduceLogSum float32 3D tensor options.keepDimensions=false    [OK]",
    "reduceLogSum float32 3D tensor options.keepDimensions=true    [OK]",
    "reduceLogSum float32 4D tensor options.keepDimensions=false    [OK]",
    "reduceLogSum float32 4D tensor options.keepDimensions=true    [OK]",
    "reduceLogSum float32 4D tensor options.axes with options.keepDimensions=false    [OK]",
    "reduceLogSum float32 4D tensor options.axes with options.keepDimensions=true    [OK]",
    "reduceLogSum float16 0D constant tensor default options    [OK]",
    "reduceLogSum float16 0D tensor default options    [OK]",
    "reduceLogSum float16 0D constant tensor empty axes    [OK]",
    "reduceLogSum float16 0D tensor empty axes    [OK]",
    "reduceLogSum float16 1D constant tensor all non-negative default options    [OK]",
    "reduceLogSum float16 1D tensor all non-negative default options    [OK]",
    "reduceLogSum float16 1D tensor all non-negative integers default options    [OK]",
    "reduceLogSum float16 2D tensor default options    [OK]",
    "reduceLogSum float16 3D tensor default options    [OK]",
    "reduceLogSum float16 4D tensor default options    [OK]",
    "reduceLogSum float16 5D tensor default options    [OK]",
    "reduceLogSum float16 3D tensor options.axes    [OK]",
    "reduceLogSum float16 4D tensor options.axes    [OK]",
    "reduceLogSum float16 3D tensor options.keepDimensions=false    [OK]",
    "reduceLogSum float16 3D tensor options.keepDimensions=true    [OK]",
    "reduceLogSum float16 4D tensor options.keepDimensions=false    [OK]",
    "reduceLogSum float16 4D tensor options.keepDimensions=true    [OK]",
    "reduceLogSum float16 4D tensor options.axes with options.keepDimensions=false    [OK]",
    "reduceLogSum float16 4D tensor options.axes with options.keepDimensions=true    [OK]",
    "reduceLogSumExp float32 0D constant tensor default options    [OK]",
    "reduceLogSumExp float32 0D tensor default options    [OK]",
    "reduceLogSumExp float32 0D constant tensor empty axes    [OK]",
    "reduceLogSumExp float32 0D tensor empty axes    [OK]",
    "reduceLogSumExp float32 1D constant tensor empty axes    [OK]",
    "reduceLogSumExp float32 1D constant tensor all positive default options    [OK]",
    "reduceLogSumExp float32 1D tensor all positive default options    [OK]",
    "reduceLogSumExp float32 1D tensor all negative default options    [OK]",
    "reduceLogSumExp float32 1D tensor all positive integers default options    [OK]",
    "reduceLogSumExp float32 1D tensor all negative integers default options    [OK]",
    "reduceLogSumExp float32 2D tensor default options    [OK]",
    "reduceLogSumExp float32 3D tensor default options    [OK]",
    "reduceLogSumExp float32 4D tensor default options    [OK]",
    "reduceLogSumExp float32 5D tensor default options    [OK]",
    "reduceLogSumExp float32 3D tensor options.axes    [OK]",
    "reduceLogSumExp float32 4D tensor options.axes    [OK]",
    "reduceLogSumExp float32 3D tensor options.keepDimensions=false    [OK]",
    "reduceLogSumExp float32 3D tensor options.keepDimensions=true    [OK]",
    "reduceLogSumExp float32 4D tensor options.keepDimensions=false    [OK]",
    "reduceLogSumExp float32 4D tensor options.keepDimensions=true    [OK]",
    "reduceLogSumExp float32 4D tensor options.axes with options.keepDimensions=false    [OK]",
    "reduceLogSumExp float32 4D tensor options.axes with options.keepDimensions=true    [OK]",
    "reduceLogSumExp float16 0D constant tensor default options    [OK]",
    "reduceLogSumExp float16 0D tensor default options    [OK]",
    "reduceLogSumExp float16 0D constant tensor empty axes    [OK]",
    "reduceLogSumExp float16 0D tensor empty axes    [OK]",
    "reduceLogSumExp float16 1D constant tensor all positive default options    [OK]",
    "reduceLogSumExp float16 1D tensor all positive default options    [OK]",
    "reduceLogSumExp float16 1D tensor all negative default options    [OK]",
    "reduceLogSumExp float16 1D tensor all positive integers default options    [OK]",
    "reduceLogSumExp float16 1D tensor all negative integers default options    [OK]",
    "reduceLogSumExp float16 2D tensor default options    [OK]",
    "reduceLogSumExp float16 3D tensor default options    [OK]",
    "reduceLogSumExp float16 4D tensor default options    [OK]",
    "reduceLogSumExp float16 5D tensor default options    [OK]",
    "reduceLogSumExp float16 3D tensor options.axes    [OK]",
    "reduceLogSumExp float16 4D tensor options.axes    [OK]",
    "reduceLogSumExp float16 3D tensor options.keepDimensions=false    [OK]",
    "reduceLogSumExp float16 3D tensor options.keepDimensions=true    [OK]",
    "reduceLogSumExp float16 4D tensor options.keepDimensions=false    [OK]",
    "reduceLogSumExp float16 4D tensor options.keepDimensions=true    [OK]",
    "reduceLogSumExp float16 4D tensor options.axes with options.keepDimensions=false    [OK]",
    "reduceLogSumExp float16 4D tensor options.axes with options.keepDimensions=true    [OK]",
    "reduceMax float32 0D constant tensor default options    [OK]",
    "reduceMax float32 0D tensor default options    [OK]",
    "reduceMax float32 0D constant tensor empty axes    [OK]",
    "reduceMax float32 0D tensor empty axes    [OK]",
    "reduceMax float32 1D constant tensor empty axes    [OK]",
    "reduceMax float32 1D constant tensor default options    [OK]",
    "reduceMax float32 1D tensor default options    [OK]",
    "reduceMax float32 2D tensor default options    [OK]",
    "reduceMax float32 3D tensor default options    [OK]",
    "reduceMax float32 4D tensor default options    [OK]",
    "reduceMax float32 5D tensor default options    [OK]",
    "reduceMax float32 3D tensor options.axes    [OK]",
    "reduceMax float32 4D tensor options.axes    [OK]",
    "reduceMax float32 3D tensor options.keepDimensions=false    [OK]",
    "reduceMax float32 3D tensor options.keepDimensions=true    [OK]",
    "reduceMax float32 4D tensor options.keepDimensions=false    [OK]",
    "reduceMax float32 4D tensor options.keepDimensions=true    [OK]",
    "reduceMax float32 4D tensor options.axes with options.keepDimensions=false    [OK]",
    "reduceMax float32 4D tensor options.axes with options.keepDimensions=true    [OK]",
    "reduceMax float16 0D constant tensor default options    [OK]",
    "reduceMax float16 0D tensor default options    [OK]",
    "reduceMax float16 0D constant tensor empty axes    [OK]",
    "reduceMax float16 0D tensor empty axes    [OK]",
    "reduceMax float16 1D constant tensor default options    [OK]",
    "reduceMax float16 1D tensor default options    [OK]",
    "reduceMax float16 2D tensor default options    [OK]",
    "reduceMax float16 3D tensor default options    [OK]",
    "reduceMax float16 4D tensor default options    [OK]",
    "reduceMax float16 5D tensor default options    [OK]",
    "reduceMax float16 3D tensor options.axes    [OK]",
    "reduceMax float16 4D tensor options.axes    [OK]",
    "reduceMax float16 3D tensor options.keepDimensions=false    [OK]",
    "reduceMax float16 3D tensor options.keepDimensions=true    [OK]",
    "reduceMax float16 4D tensor options.keepDimensions=false    [OK]",
    "reduceMax float16 4D tensor options.keepDimensions=true    [OK]",
    "reduceMax float16 4D tensor options.axes with options.keepDimensions=false    [OK]",
    "reduceMax float16 4D tensor options.axes with options.keepDimensions=true    [OK]",
    "reduceMean float32 0D constant tensor default options    [OK]",
    "reduceMean float32 0D tensor default options    [OK]",
    "reduceMean float32 0D constant tensor empty axes    [OK]",
    "reduceMean float32 0D tensor empty axes    [OK]",
    "reduceMean float32 1D constant tensor empty axes    [OK]",
    "reduceMean float32 1D constant tensor all positive default options    [OK]",
    "reduceMean float32 1D tensor all positive default options    [OK]",
    "reduceMean float32 1D tensor all negative default options    [OK]",
    "reduceMean float32 1D tensor all positive integers default options    [OK]",
    "reduceMean float32 1D tensor all negative integers default options    [OK]",
    "reduceMean float32 2D tensor default options    [OK]",
    "reduceMean float32 3D tensor default options    [OK]",
    "reduceMean float32 4D tensor default options    [OK]",
    "reduceMean float32 5D tensor default options    [OK]",
    "reduceMean float32 3D tensor options.axes    [OK]",
    "reduceMean float32 4D tensor options.axes    [OK]",
    "reduceMean float32 3D tensor options.keepDimensions=false    [OK]",
    "reduceMean float32 3D tensor options.keepDimensions=true    [OK]",
    "reduceMean float32 4D tensor options.keepDimensions=false    [OK]",
    "reduceMean float32 4D tensor options.keepDimensions=true    [OK]",
    "reduceMean float32 4D tensor options.axes with options.keepDimensions=false    [OK]",
    "reduceMean float32 4D tensor options.axes with options.keepDimensions=true    [OK]",
    "reduceMean float16 0D constant tensor default options    [OK]",
    "reduceMean float16 0D tensor default options    [OK]",
    "reduceMean float16 0D constant tensor empty axes    [OK]",
    "reduceMean float16 0D tensor empty axes    [OK]",
    "reduceMean float16 1D constant tensor all positive default options    [OK]",
    "reduceMean float16 1D tensor all positive default options    [OK]",
    "reduceMean float16 1D tensor all negative default options    [OK]",
    "reduceMean float16 1D tensor all positive integers default options    [OK]",
    "reduceMean float16 1D tensor all negative integers default options    [OK]",
    "reduceMean float16 2D tensor default options    [OK]",
    "reduceMean float16 3D tensor default options    [OK]",
    "reduceMean float16 4D tensor default options    [OK]",
    "reduceMean float16 5D tensor default options    [OK]",
    "reduceMean float16 3D tensor options.axes    [OK]",
    "reduceMean float16 4D tensor options.axes    [OK]",
    "reduceMean float16 3D tensor options.keepDimensions=false    [OK]",
    "reduceMean float16 3D tensor options.keepDimensions=true    [OK]",
    "reduceMean float16 4D tensor options.keepDimensions=false    [OK]",
    "reduceMean float16 4D tensor options.keepDimensions=true    [OK]",
    "reduceMean float16 4D tensor options.axes with options.keepDimensions=false    [OK]",
    "reduceMean float16 4D tensor options.axes with options.keepDimensions=true    [OK]",
    "reduceMin float32 0D constant tensor default options    [OK]",
    "reduceMin float32 0D tensor default options    [OK]",
    "reduceMin float32 0D constant tensor empty axes    [OK]",
    "reduceMin float32 0D tensor empty axes    [OK]",
    "reduceMin float32 1D constant tensor empty axes    [OK]",
    "reduceMin float32 1D constant tensor default options    [OK]",
    "reduceMin float32 1D tensor default options    [OK]",
    "reduceMin float32 2D tensor default options    [OK]",
    "reduceMin float32 3D tensor default options    [OK]",
    "reduceMin float32 4D tensor default options    [OK]",
    "reduceMin float32 5D tensor default options    [OK]",
    "reduceMin float32 3D tensor options.axes    [OK]",
    "reduceMin float32 4D tensor options.axes    [OK]",
    "reduceMin float32 3D tensor options.keepDimensions=false    [OK]",
    "reduceMin float32 3D tensor options.keepDimensions=true    [OK]",
    "reduceMin float32 4D tensor options.keepDimensions=false    [OK]",
    "reduceMin float32 4D tensor options.keepDimensions=true    [OK]",
    "reduceMin float32 4D tensor options.axes with options.keepDimensions=false    [OK]",
    "reduceMin float32 4D tensor options.axes with options.keepDimensions=true    [OK]",
    "reduceMin float16 0D constant tensor default options    [OK]",
    "reduceMin float16 0D tensor default options    [OK]",
    "reduceMin float16 0D constant tensor empty axes    [OK]",
    "reduceMin float16 0D tensor empty axes    [OK]",
    "reduceMin float16 1D constant tensor default options    [OK]",
    "reduceMin float16 1D tensor default options    [OK]",
    "reduceMin float16 2D tensor default options    [OK]",
    "reduceMin float16 3D tensor default options    [OK]",
    "reduceMin float16 4D tensor default options    [OK]",
    "reduceMin float16 5D tensor default options    [OK]",
    "reduceMin float16 3D tensor options.axes    [OK]",
    "reduceMin float16 4D tensor options.axes    [OK]",
    "reduceMin float16 3D tensor options.keepDimensions=false    [OK]",
    "reduceMin float16 3D tensor options.keepDimensions=true    [OK]",
    "reduceMin float16 4D tensor options.keepDimensions=false    [OK]",
    "reduceMin float16 4D tensor options.keepDimensions=true    [OK]",
    "reduceMin float16 4D tensor options.axes with options.keepDimensions=false    [OK]",
    "reduceMin float16 4D tensor options.axes with options.keepDimensions=true    [OK]",
    "reduceProduct float32 0D constant tensor default options    [OK]",
    "reduceProduct float32 0D tensor default options    [OK]",
    "reduceProduct float32 0D constant tensor empty axes    [OK]",
    "reduceProduct float32 0D tensor empty axes    [OK]",
    "reduceProduct float32 1D constant tensor empty axes    [OK]",
    "reduceProduct float32 1D constant tensor default options    [OK]",
    "reduceProduct float32 1D tensor default options    [OK]",
    "reduceProduct float32 2D tensor default options    [OK]",
    "reduceProduct float32 3D tensor default options    [OK]",
    "reduceProduct float32 4D tensor default options    [OK]",
    "reduceProduct float32 5D tensor default options    [OK]",
    "reduceProduct float32 3D tensor options.axes    [OK]",
    "reduceProduct float32 4D tensor options.axes    [OK]",
    "reduceProduct float32 3D tensor options.keepDimensions=false    [OK]",
    "reduceProduct float32 3D tensor options.keepDimensions=true    [OK]",
    "reduceProduct float32 4D tensor options.keepDimensions=false    [OK]",
    "reduceProduct float32 4D tensor options.keepDimensions=true    [OK]",
    "reduceProduct float32 4D tensor options.axes with options.keepDimensions=false    [OK]",
    "reduceProduct float32 4D tensor options.axes with options.keepDimensions=true    [OK]",
    "reduceProduct float16 0D constant tensor default options    [OK]",
    "reduceProduct float16 0D tensor default options    [OK]",
    "reduceProduct float16 0D constant tensor empty axes    [OK]",
    "reduceProduct float16 0D tensor empty axes    [OK]",
    "reduceProduct float16 1D constant tensor default options    [OK]",
    "reduceProduct float16 1D tensor default options    [OK]",
    "reduceProduct float16 2D tensor default options    [OK]",
    "reduceProduct float16 3D tensor default options    [OK]",
    "reduceProduct float16 4D tensor default options    [OK]",
    "reduceProduct float16 5D tensor default options    [OK]",
    "reduceProduct float16 3D tensor options.axes    [OK]",
    "reduceProduct float16 4D tensor options.axes    [OK]",
    "reduceProduct float16 3D tensor options.keepDimensions=false    [OK]",
    "reduceProduct float16 3D tensor options.keepDimensions=true    [OK]",
    "reduceProduct float16 4D tensor options.keepDimensions=false    [OK]",
    "reduceProduct float16 4D tensor options.keepDimensions=true    [OK]",
    "reduceProduct float16 4D tensor options.axes with options.keepDimensions=false    [OK]",
    "reduceProduct float16 4D tensor options.axes with options.keepDimensions=true    [OK]",
    "reduceSum float32 0D constant tensor default options    [OK]",
    "reduceSum float32 0D tensor default options    [OK]",
    "reduceSum float32 0D constant tensor empty axes    [OK]",
    "reduceSum float32 0D tensor empty axes    [OK]",
    "reduceSum float32 1D constant tensor empty axes    [OK]",
    "reduceSum float32 1D constant tensor all positive default options    [OK]",
    "reduceSum float32 1D tensor all positive default options    [OK]",
    "reduceSum float32 1D tensor all negative default options    [OK]",
    "reduceSum float32 1D tensor all positive integers default options    [OK]",
    "reduceSum float32 1D tensor all negative integers default options    [OK]",
    "reduceSum float32 2D tensor default options    [OK]",
    "reduceSum float32 3D tensor default options    [OK]",
    "reduceSum float32 4D tensor default options    [OK]",
    "reduceSum float32 5D tensor default options    [OK]",
    "reduceSum float32 3D tensor options.axes    [OK]",
    "reduceSum float32 4D tensor options.axes    [OK]",
    "reduceSum float32 3D tensor options.keepDimensions=false    [OK]",
    "reduceSum float32 3D tensor options.keepDimensions=true    [OK]",
    "reduceSum float32 4D tensor options.keepDimensions=false    [OK]",
    "reduceSum float32 4D tensor options.keepDimensions=true    [OK]",
    "reduceSum float32 4D tensor options.axes with options.keepDimensions=false    [OK]",
    "reduceSum float32 4D tensor options.axes with options.keepDimensions=true    [OK]",
    "reduceSum float16 0D constant tensor default options    [OK]",
    "reduceSum float16 0D tensor default options    [OK]",
    "reduceSum float16 0D constant tensor empty axes    [OK]",
    "reduceSum float16 0D tensor empty axes    [OK]",
    "reduceSum float16 1D constant tensor all positive default options    [OK]",
    "reduceSum float16 1D tensor all positive default options    [OK]",
    "reduceSum float16 1D tensor all negative default options    [OK]",
    "reduceSum float16 1D tensor all positive integers default options    [OK]",
    "reduceSum float16 1D tensor all negative integers default options    [OK]",
    "reduceSum float16 2D tensor default options    [OK]",
    "reduceSum float16 3D tensor default options    [OK]",
    "reduceSum float16 4D tensor default options    [OK]",
    "reduceSum float16 5D tensor default options    [OK]",
    "reduceSum float16 3D tensor options.axes    [OK]",
    "reduceSum float16 4D tensor options.axes    [OK]",
    "reduceSum float16 3D tensor options.keepDimensions=false    [OK]",
    "reduceSum float16 3D tensor options.keepDimensions=true    [OK]",
    "reduceSum float16 4D tensor options.keepDimensions=false    [OK]",
    "reduceSum float16 4D tensor options.keepDimensions=true    [OK]",
    "reduceSum float16 4D tensor options.axes with options.keepDimensions=false    [OK]",
    "reduceSum float16 4D tensor options.axes with options.keepDimensions=true    [OK]",
    "reduceSumSquare float32 0D constant tensor default options    [OK]",
    "reduceSumSquare float32 0D tensor default options    [OK]",
    "reduceSumSquare float32 0D constant tensor empty axes    [OK]",
    "reduceSumSquare float32 0D tensor empty axes    [OK]",
    "reduceSumSquare float32 1D constant tensor all positive default options    [OK]",
    "reduceSumSquare float32 1D tensor all positive default options    [OK]",
    "reduceSumSquare float32 1D tensor all negative default options    [OK]",
    "reduceSumSquare float32 1D tensor all positive integers default options    [OK]",
    "reduceSumSquare float32 1D tensor all negative integers default options    [OK]",
    "reduceSumSquare float32 1D tensor with empty axes    [OK]",
    "reduceSumSquare float32 2D tensor default options    [OK]",
    "reduceSumSquare float32 3D tensor default options    [OK]",
    "reduceSumSquare float32 4D tensor default options    [OK]",
    "reduceSumSquare float32 5D tensor default options    [OK]",
    "reduceSumSquare float32 3D tensor options.axes    [OK]",
    "reduceSumSquare float32 4D tensor options.axes    [OK]",
    "reduceSumSquare float32 3D tensor options.keepDimensions=false    [OK]",
    "reduceSumSquare float32 3D tensor options.keepDimensions=true    [OK]",
    "reduceSumSquare float32 4D tensor options.keepDimensions=false    [OK]",
    "reduceSumSquare float32 4D tensor options.keepDimensions=true    [OK]",
    "reduceSumSquare float32 4D tensor options.axes with options.keepDimensions=false    [OK]",
    "reduceSumSquare float32 4D tensor options.axes with options.keepDimensions=true    [OK]",
    "reduceSumSquare float16 0D constant tensor default options    [OK]",
    "reduceSumSquare float16 0D tensor default options    [OK]",
    "reduceSumSquare float16 0D constant tensor empty axes    [OK]",
    "reduceSumSquare float16 0D tensor empty axes    [OK]",
    "reduceSumSquare float16 1D constant tensor all positive default options    [OK]",
    "reduceSumSquare float16 1D tensor all positive default options    [OK]",
    "reduceSumSquare float16 1D tensor all negative default options    [OK]",
    "reduceSumSquare float16 1D tensor all positive integers default options    [OK]",
    "reduceSumSquare float16 1D tensor all negative integers default options    [OK]",
    "reduceSumSquare float16 1D tensor with empty axes    [OK]",
    "reduceSumSquare float16 2D tensor default options    [OK]",
    "reduceSumSquare float16 3D tensor default options    [OK]",
    "reduceSumSquare float16 4D tensor default options    [OK]",
    "reduceSumSquare float16 5D tensor default options    [OK]",
    "reduceSumSquare float16 3D tensor options.axes    [OK]",
    "reduceSumSquare float16 4D tensor options.axes    [OK]",
    "reduceSumSquare float16 3D tensor options.keepDimensions=false    [OK]",
    "reduceSumSquare float16 3D tensor options.keepDimensions=true    [OK]",
    "reduceSumSquare float16 4D tensor options.keepDimensions=false    [OK]",
    "reduceSumSquare float16 4D tensor options.keepDimensions=true    [OK]",
    "reduceSumSquare float16 4D tensor options.axes with options.keepDimensions=false    [OK]",
    "reduceSumSquare float16 4D tensor options.axes with options.keepDimensions=true    [OK]",
    "relu float32 1D constant tensor    [OK]",
    "relu float32 0D tensor    [OK]",
    "relu float32 1D tensor    [OK]",
    "relu float32 2D tensor    [OK]",
    "relu float32 3D tensor    [OK]",
    "relu float32 4D tensor    [OK]",
    "relu float32 5D tensor    [OK]",
    "relu float16 1D constant tensor    [OK]",
    "relu float16 0D tensor    [OK]",
    "relu float16 1D tensor    [OK]",
    "relu float16 2D tensor    [OK]",
    "relu float16 3D tensor    [OK]",
    "relu float16 4D tensor    [OK]",
    "relu float16 5D tensor    [OK]",
    "relu int8 4D tensor    [OK]",
    "relu int32 4D tensor    [OK]",
    "relu int64 4D tensor    [OK]",
    "reshape float32 tensor to a new shape (reorder all dimensions)    [OK]",
    "reshape float32 constant tensor to a new shape (reorder all dimensions)    [OK]",
    "reshape float32 tensor to a new shape (reduce dimensions)    [OK]",
    "reshape float32 tensor to a new shape (extend dimensions)    [OK]",
    "reshape float32 tensor to a new shape (4D to 4D)    [OK]",
    "reshape float32 tensor to 1D tensor    [OK]",
    "reshape (squeeze) float32 2D tensor by eliminating one dimension    [OK]",
    "reshape (squeeze) float32 3D tensor by eliminating one dimension    [OK]",
    "reshape (squeeze) float32 3D tensor by eliminating two dimensions    [OK]",
    "reshape (squeeze) float32 4D tensor by eliminating two dimensions    [OK]",
    "reshape (squeeze) float32 4D tensor by eliminating all dimensions    [FAIL]\ngraph conversion failed for trtx: reshape operation missing 'newShape'",
    "reshape (squeeze) float32 5D tensor by eliminating four dimensions    [OK]",
    "reshape (squeeze) float32 2D tensor by eliminating 1st dimension    [OK]",
    "reshape (squeeze) float32 3D tensor by eliminating 2nd and 3rd dimensions    [OK]",
    "reshape (squeeze) float32 4D tensor by eliminating 1st and 4th dimensions    [OK]",
    "reshape (squeeze) float32 5D tensor by eliminating 2nd and 3rd dimensions    [OK]",
    "reshape (squeeze) float32 5D tensor by eliminating 1st, 2nd and 5th dimensions    [OK]",
    "reshape (unsqueeze) float32 0D tensor to 4D    [OK]",
    "reshape (unsqueeze) float32 1D tensor by adding one dimension    [OK]",
    "reshape (unsqueeze) float32 1D tensor by adding two dimensions    [OK]",
    "reshape (unsqueeze) float32 1D tensor to 5D    [OK]",
    "reshape (unsqueeze) float32 1D tensor by adding 2nd and 3rd dimensions    [OK]",
    "reshape (unsqueeze) float32 2D tensor by adding one dimension    [OK]",
    "reshape (unsqueeze) float32 2D tensor by adding two dimensions    [OK]",
    "reshape (unsqueeze) float32 2D tensor by adding 1st dimension    [OK]",
    "reshape (unsqueeze) float32 2D tensor by adding 1st and 4th dimensions    [OK]",
    "reshape (unsqueeze) float32 3D tensor by adding 2nd and 3rd dimensions    [OK]",
    "reshape (unsqueeze) float32 4D tensor by adding 2nd dimension    [OK]",
    "reshape (unsqueeze) float32 5D tensor by adding 4th dimension    [OK]",
    "reshape (flatten) float32 3D tensor to 2D    [OK]",
    "reshape (flatten) float32 4D to 2D    [OK]",
    "reshape (flatten) float32 4D to 2D exclusive 1st dimension    [OK]",
    "reshape (flatten) float32 4D to 2D exclusive 4th dimension    [OK]",
    "reshape float16 tensor to a new shape (reorder all dimensions)    [OK]",
    "reshape float16 constant tensor to a new shape (reorder all dimensions)    [OK]",
    "reshape float16 tensor to a new shape (reduce dimensions)    [OK]",
    "reshape float16 tensor to a new shape (extend dimensions)    [OK]",
    "reshape float16 tensor to a new shape (4D to 4D)    [OK]",
    "reshape float16 tensor to 1D tensor    [OK]",
    "reshape (squeeze) float16 2D tensor by eliminating one dimension    [OK]",
    "reshape (squeeze) float16 3D tensor by eliminating one dimension    [OK]",
    "reshape (squeeze) float16 3D tensor by eliminating two dimensions    [OK]",
    "reshape (squeeze) float16 4D tensor by eliminating two dimensions    [OK]",
    "reshape (squeeze) float16 4D tensor by eliminating all dimensions    [FAIL]\ngraph conversion failed for trtx: reshape operation missing 'newShape'",
    "reshape (squeeze) float16 5D tensor by eliminating four dimensions    [OK]",
    "reshape (squeeze) float16 2D tensor by eliminating 1st dimension    [OK]",
    "reshape (squeeze) float16 3D tensor by eliminating 2nd and 3rd dimensions    [OK]",
    "reshape (squeeze) float16 4D tensor by eliminating 1st and 4th dimensions    [OK]",
    "reshape (squeeze) float16 5D tensor by eliminating 2nd and 3rd dimensions    [OK]",
    "reshape (squeeze) float16 5D tensor by eliminating 1st, 2nd and 5th dimensions    [OK]",
    "reshape (unsqueeze) float16 0D tensor to 4D    [OK]",
    "reshape (unsqueeze) float16 1D tensor by adding one dimension    [OK]",
    "reshape (unsqueeze) float16 1D tensor by adding two dimensions    [OK]",
    "reshape (unsqueeze) float16 1D tensor to 5D    [OK]",
    "reshape (unsqueeze) float16 1D tensor by adding 2nd and 3rd dimensions    [OK]",
    "reshape (unsqueeze) float16 2D tensor by adding one dimension    [OK]",
    "reshape (unsqueeze) float16 2D tensor by adding two dimensions    [OK]",
    "reshape (unsqueeze) float16 2D tensor by adding 1st dimension    [OK]",
    "reshape (unsqueeze) float16 2D tensor by adding 1st and 4th dimensions    [OK]",
    "reshape (unsqueeze) float16 3D tensor by adding 2nd and 3rd dimensions    [OK]",
    "reshape (unsqueeze) float16 4D tensor by adding 2nd dimension    [OK]",
    "reshape (unsqueeze) float16 5D tensor by adding 4th dimension    [OK]",
    "reshape (flatten) float16 3D tensor to 2D    [OK]",
    "reshape (flatten) float16 4D to 2D    [OK]",
    "reshape (flatten) float16 4D to 2D exclusive 1st dimension    [OK]",
    "reshape (flatten) float16 4D to 2D exclusive 4th dimension    [OK]",
    "sigmoid float32 1D constant tensor    [OK]",
    "sigmoid float32 0D tensor    [OK]",
    "sigmoid float32 1D tensor    [OK]",
    "sigmoid float32 2D tensor    [OK]",
    "sigmoid float32 3D tensor    [OK]",
    "sigmoid float32 4D tensor    [OK]",
    "sigmoid float32 5D tensor    [OK]",
    "sigmoid float16 1D constant tensor    [OK]",
    "sigmoid float16 0D tensor    [OK]",
    "sigmoid float16 1D tensor    [OK]",
    "sigmoid float16 2D tensor    [OK]",
    "sigmoid float16 3D tensor    [OK]",
    "sigmoid float16 4D tensor    [OK]",
    "sigmoid float16 5D tensor    [OK]",
    "slicing float32 0D constant tensor with empty starts and sizes should be a no-op    [OK]",
    "slice float32 1D constant tensor    [OK]",
    "slice float32 1D tensor    [OK]",
    "slice float32 2D tensor    [OK]",
    "slice float32 3D tensor    [OK]",
    "slice float32 4D tensor    [OK]",
    "slice float32 5D tensor    [OK]",
    "slice float32 2D tensor with strides    [OK]",
    "slice float32 3D tensor with strides    [OK]",
    "slice float32 4D tensor with strides    [OK]",
    "slice float16 1D constant tensor    [OK]",
    "slice float16 1D tensor    [OK]",
    "slice float16 2D tensor    [OK]",
    "slice float16 3D tensor    [OK]",
    "slice float16 4D tensor    [OK]",
    "slice float16 5D tensor    [OK]",
    "slice float16 2D tensor with strides    [OK]",
    "slice float16 3D tensor with strides    [OK]",
    "slice float16 4D tensor with strides    [OK]",
    "softmax float32 2D constant tensor all positive    [OK]",
    "softmax float32 2D tensor all positive    [OK]",
    "softmax float32 2D tensor all negative    [OK]",
    "softmax float32 3D constant tensor    [OK]",
    "softmax float32 4D tensor    [OK]",
    "softmax float16 2D constant tensor all positive    [OK]",
    "softmax float16 2D tensor all positive    [OK]",
    "softmax float16 2D tensor all negative    [OK]",
    "softmax float16 4D tensor    [OK]",
    "split float32 1D constant tensor number splits default options    [OK]",
    "split float32 1D tensor number splits default options    [OK]",
    "split float32 2D tensor number splits default options    [OK]",
    "split float32 3D tensor number splits default options    [OK]",
    "split float32 4D tensor number splits default options    [OK]",
    "split float32 5D tensor number splits default options    [OK]",
    "split float32 4D tensor array splits default options    [OK]",
    "split float32 4D tensor number splits options.axis    [OK]",
    "split float32 5D tensor array splits=[3, 3] options.axis=2    [OK]",
    "split float32 5D tensor array splits=[2, 4] options.axis=0    [OK]",
    "split float16 1D constant tensor number splits default options    [OK]",
    "split float16 1D tensor number splits default options    [OK]",
    "split float16 2D tensor number splits default options    [OK]",
    "split float16 3D tensor number splits default options    [OK]",
    "split float16 4D tensor number splits default options    [OK]",
    "split float16 5D tensor number splits default options    [OK]",
    "split float16 4D tensor array splits default options    [OK]",
    "split float16 4D tensor number splits options.axis    [OK]",
    "split float16 5D tensor array splits=[3, 3] options.axis=2    [OK]",
    "split float16 5D tensor array splits=[2, 4] options.axis=0    [OK]",
    "sqrt float32 0D scalar    [OK]",
    "sqrt float32 1D constant tensor    [OK]",
    "sqrt float32 1D tensor    [OK]",
    "sqrt float32 2D tensor    [OK]",
    "sqrt float32 3D tensor    [OK]",
    "sqrt float32 4D tensor    [OK]",
    "sqrt float32 5D tensor    [OK]",
    "sqrt float16 0D scalar    [OK]",
    "sqrt float16 1D constant tensor    [OK]",
    "sqrt float16 1D tensor    [OK]",
    "sqrt float16 2D tensor    [OK]",
    "sqrt float16 3D tensor    [OK]",
    "sqrt float16 4D tensor    [OK]",
    "sqrt float16 5D tensor    [OK]",
    "sub float32 1D constant tensors    [OK]",
    "sub float32 1D tensors    [OK]",
    "sub float32 2D tensors    [OK]",
    "sub float32 3D tensors    [OK]",
    "sub float32 4D tensors    [OK]",
    "sub float32 5D tensors    [OK]",
    "sub float32 broadcast 1D to 4D    [OK]",
    "sub float32 broadcast 2D to 4D    [OK]",
    "sub float32 broadcast 3D to 4D    [OK]",
    "sub float32 broadcast 4D to 4D    [OK]",
    "sub float16 1D constant tensors    [OK]",
    "sub float16 1D tensors    [OK]",
    "sub float16 2D tensors    [OK]",
    "sub float16 3D tensors    [OK]",
    "sub float16 4D tensors    [OK]",
    "sub float16 5D tensors    [OK]",
    "sub float16 broadcast 1D to 4D    [OK]",
    "sub float16 broadcast 2D to 4D    [OK]",
    "sub float16 broadcast 3D to 4D    [OK]",
    "sub float16 broadcast 4D to 4D    [OK]",
    "sub int8 4D tensors    [OK]",
    "sub uint8 4D tensors    [FAIL]\ngraph conversion failed for trtx: Failed to build TensorRT engine: Runtime error: Failed to build serialized network",
    "sub int32 4D tensors    [OK]",
    "sub uint32 4D tensors    [OK]",
    "sub int64 4D tensors    [OK]",
    "sub uint64 4D tensors    [OK]",
    "tanh float32 1D constant tensor    [OK]",
    "tanh float32 1D tensor    [OK]",
    "tanh float32 2D tensor    [OK]",
    "tanh float32 3D tensor    [OK]",
    "tanh float32 4D tensor    [OK]",
    "tanh float32 5D tensor    [OK]",
    "tanh float16 1D constant tensor    [OK]",
    "tanh float16 1D tensor    [OK]",
    "tanh float16 2D tensor    [OK]",
    "tanh float16 3D tensor    [OK]",
    "tanh float16 4D tensor    [OK]",
    "tanh float16 5D tensor    [OK]",
    "transpose float32 0D constant tensor default options    [OK]",
    "transpose float32 1D constant tensor default options    [OK]",
    "transpose float32 1D tensor default options    [OK]",
    "transpose float32 2D tensor default options    [OK]",
    "transpose float32 3D tensor default options    [OK]",
    "transpose float32 4D tensor default options    [OK]",
    "transpose float32 5D tensor default options    [OK]",
    "transpose float32 1D tensor options.permutation    [OK]",
    "transpose float32 2D tensor options.permutation    [OK]",
    "transpose float32 3D tensor options.permutation    [OK]",
    "transpose float32 4D tensor options.permutation    [OK]",
    "transpose float32 5D tensor options.permutation    [OK]",
    "transpose float16 1D constant tensor default options    [OK]",
    "transpose float16 1D tensor default options    [OK]",
    "transpose float16 3D tensor default options    [OK]",
    "transpose float16 5D tensor default options    [OK]",
    "transpose float16 1D tensor options.permutation    [OK]",
    "transpose float16 5D tensor options.permutation    [OK]",
    "[WPT-TRTX] total: 1469 passed, 0 skipped, 10 failed (of 1479 cases)",
]
