---
source: tests/run_wpt_conformance.rs
expression: "format!(\"{file_name} {test_name}, {backend_prefix}\\n {msg}\")"
---
min.https.any.js min uint8 4D tensors, coreml
 Failed to build graph: coreml runtime failed: MLModel compile failed: Failed to parse the model specification. Error: Unable to parse ML Program: in operation of type minimum: Param 'y' has incorrect type for operator 'ios17.minimum'. Expected { [...]>, [...]>, [...]>, tensor<fp16, tensor<fp32, tensor<int32 }; got tensor<uint8, [1, 2, 2, 3]>.

--- built graph ---
webnn_graph "graph" v2 {
  inputs {
    inputA: u8[1, 2, 2, 3];
    inputB: u8[1, 2, 2, 3];
  }

  nodes {
    [output] = min(inputA, inputB, label="");
  }

  outputs { output; }
}
