---
source: tests/run_wpt_conformance.rs
expression: "format!(\"{file_name} {test_name}, {backend_prefix}\\n {msg}\")"
---
dequantizeLinear.https.any.js dequantizeLinear uint4 3D tensor with float32 3D scale, block_size = [1, 1, 2], trtx
 dequantizeLinear :: dequantizeLinear uint4 3D tensor with float32 3D scale, block_size = [1, 1, 2]: index 0: actual=0 expected=-18.686186 ulp=1100315983 tolerance=16
  inputs: dequantizeLinearInput: [0, 1, 10, 15]; dequantizeLinearScale: [9.343092918395996, 4.617084980010986] (constant); dequantizeLinearZeroPoint: [2, 3] (constant)
  expected dequantizeLinearOutput: [-18.686186, -9.343093, 32.319595, 55.40502]
  actual dequantizeLinearOutput: [0, 0, 0, 0]
  expected dequantizeLinearOutput full nd:
(shape [1, 1, 4])
[-18.686186, -9.343093, 32.319595, 55.40502]
  actual dequantizeLinearOutput full nd:
(shape [1, 1, 4])
[0, 0, 0, 0]

--- built graph ---
webnn_graph "graph" v2 {
  inputs {
    dequantizeLinearInput: u4[1, 1, 4];
  }

  consts {
    operand_1: f32[1, 1, 2] @bytes([79, 125, 21, 65, 41, 191, 147, 64]);
    operand_2: u4[1, 1, 2] @bytes([50]);
  }

  nodes {
    [dequantizeLinearOutput] = dequantizeLinear(dequantizeLinearInput, operand_1, operand_2, label="");
  }

  outputs { dequantizeLinearOutput; }
}
