---
source: tests/run_wpt_conformance.rs
assertion_line: 64
expression: "format!(\"{file_name} {test_name}, {backend_prefix}\\n {msg}\")"
---
clamp.https.any.js clamp float32 1D constant tensor default options, litert
 Failed to convert graph: graph conversion failed for litert: unsupported operation: Clamp { input: 0, options: Some(MLClampOptions { label: "", min_value: None, max_value: None }), outputs: [1] }

--- built graph ---
webnn_graph "graph" v2 {
  consts {
    operand_0: f32[24] @bytes([211, 21, 29, 193, 34, 197, 192, 192, 111, 82, 130, 192, 10, 103, 210, 192, 144, 46, 248, 192, 24, 101, 24, 65, 3, 172, 110, 64, 251, 105, 207, 64, 51, 202, 196, 191, 178, 250, 234, 192, 29, 47, 252, 64, 52, 156, 3, 192, 239, 0, 203, 64, 216, 210, 176, 64, 73, 227, 87, 63, 10, 51, 3, 193, 231, 42, 249, 192, 204, 123, 20, 65, 43, 9, 20, 192, 141, 203, 24, 65, 225, 62, 185, 64, 130, 148, 177, 64, 207, 25, 237, 64, 77, 233, 7, 192]);
  }

  nodes {
    [clampOutput] = clamp(operand_0, label="", maxValue=null, minValue=null);
  }

  outputs { clampOutput; }
}
