---
source: tests/run_wpt_conformance.rs
expression: "format!(\"{file_name} {test_name}, {backend_prefix}\\n {msg}\")"
---
layer_normalization.https.any.js layerNormalization float32 4D tensor options.scale and options.axes=[0, 2], litert
 Failed to convert graph: graph conversion failed for litert: unsupported operation: LayerNormalization { input: 0, options: Some(MLLayerNormalizationOptions { label: "", scale: Some(1), bias: None, axes: Some([0, 2]), epsilon: 1e-5 }), outputs: [2] }

--- built graph ---
webnn_graph "graph" v2 {
  inputs {
    layerNormInput: f32[2, 1, 4, 3];
  }

  consts {
    operand_1: f32[2, 4] @bytes([11, 160, 11, 65, 57, 108, 172, 192, 92, 246, 217, 192, 41, 167, 150, 64, 192, 149, 150, 192, 215, 147, 164, 192, 111, 71, 142, 191, 171, 4, 168, 64]);
  }

  nodes {
    [layerNormOutput] = layerNormalization(layerNormInput, axes=[0, 2], bias=null, epsilon=0.00001, label="", scale=1);
  }

  outputs { layerNormOutput; }
}
