---
source: tests/run_wpt_conformance.rs
expression: "(&file_name, &test_name, &backend_prefix, err)"
---
(
    "lesser.https.any.js",
    "lesser float32 1D tensors",
    "trtx",
    Failed {
        msg: Some(
            "Failed to read tensor: DriverError(CUDA_ERROR_INVALID_VALUE, \"invalid argument\")\n\n--- built graph ---\nwebnn_graph \"graph\" v2 {\n  inputs {\n    inputA: f32[24];\n    inputB: f32[24];\n  }\n\n  nodes {\n    [output] = lesser(inputA, inputB, label=\"\");\n  }\n\n  outputs { output; }\n}\n",
        ),
    },
)
