---
source: tests/run_wpt_conformance.rs
expression: "format!(\"{file_name} {test_name}, {backend_prefix}\\n {msg}\")"
---
reduce_product.https.any.js reduceProduct float32 0D tensor empty axes, litert
 reduce_product :: reduceProduct float32 0D tensor empty axes: index 0: actual=0.00000002276795 expected=-68.75912 ulp=1967986667 tolerance=32
  inputs: reduceProductInput: [-68.75911712646484]
  expected reduceProductOutput: [-68.75912]
  actual reduceProductOutput: [0.00000002276795]

--- built graph ---
webnn_graph "graph" v2 {
  inputs {
    reduceProductInput: f32[];
  }

  nodes {
    [reduceProductOutput] = reduceProduct(reduceProductInput, axes=[], keepDimensions=false, label="");
  }

  outputs { reduceProductOutput; }
}
