---
source: tests/run_wpt_conformance.rs
expression: "format!(\"{file_name} {test_name}, {backend_prefix}\\n {msg}\")"
---
lstm.https.any.js lstm float32 tensors steps=2 with all options, litert
 Failed to convert graph: graph conversion failed for litert: unsupported operation: Lstm { input: 3, weight: 7, recurrence: 6, steps: 2, hidden_size: 2, options: Some(MLLstmOptions { label: "", bias: Some(0), recurrent_bias: Some(5), peephole_weight: Some(4), initial_hidden_state: Some(2), initial_cell_state: Some(1), return_sequence: true, direction: "backward", layout: "iofg", activations: Some(["relu", "relu", "relu"]) }), outputs: [8, 9, 10] }

--- built graph ---
webnn_graph "graph" v2 {
  inputs {
    lstmInitialCellState: f32[1, 2, 2];
    lstmInitialHiddenState: f32[1, 2, 2];
    lstmInput: f32[2, 2, 2];
  }

  consts {
    operand_0: f32[1, 8] @bytes([0, 0, 128, 63, 0, 0, 0, 64, 0, 0, 128, 63, 0, 0, 0, 64, 0, 0, 128, 63, 0, 0, 0, 64, 0, 0, 128, 63, 0, 0, 0, 64]);
    operand_4: f32[1, 6] @bytes([0, 0, 0, 0, 0, 0, 0, 0, 0, 0, 0, 0, 0, 0, 0, 0, 0, 0, 0, 0, 0, 0, 0, 0]);
    operand_5: f32[1, 8] @bytes([0, 0, 128, 63, 0, 0, 0, 64, 0, 0, 128, 63, 0, 0, 0, 64, 0, 0, 128, 63, 0, 0, 0, 64, 0, 0, 128, 63, 0, 0, 0, 64]);
    operand_6: f32[1, 8, 2] @bytes([205, 204, 204, 61, 205, 204, 204, 61, 205, 204, 204, 61, 205, 204, 204, 61, 205, 204, 204, 61, 205, 204, 204, 61, 205, 204, 204, 61, 205, 204, 204, 61, 205, 204, 204, 61, 205, 204, 204, 61, 205, 204, 204, 61, 205, 204, 204, 61, 205, 204, 204, 61, 205, 204, 204, 61, 205, 204, 204, 61, 205, 204, 204, 61]);
    operand_7: f32[1, 8, 2] @bytes([0, 0, 128, 63, 0, 0, 128, 191, 0, 0, 0, 64, 0, 0, 0, 192, 0, 0, 128, 63, 0, 0, 128, 191, 0, 0, 0, 64, 0, 0, 0, 192, 0, 0, 128, 63, 0, 0, 128, 191, 0, 0, 0, 64, 0, 0, 0, 192, 0, 0, 128, 63, 0, 0, 128, 191, 0, 0, 0, 64, 0, 0, 0, 192]);
  }

  nodes {
    [lstmOutput1, lstmOutput2, lstmOutput3] = lstm(lstmInput, operand_7, operand_6, activations=["relu", "relu", "relu"], bias=0, direction="backward", initialCellState=1, initialHiddenState=2, label="", layout="iofg", peepholeWeight=4, recurrentBias=5, returnSequence=true);
  }

  outputs { lstmOutput1; lstmOutput2; lstmOutput3; }
}
