---
source: tests/run_wpt_conformance.rs
expression: "(&file_name, &test_name, &backend_prefix, err)"
---
(
    "gru.https.any.js",
    "gru float32 tensors steps=1 with options.bias, options.recurrentBias, options.activations=['relu', 'relu'] and explicit options.layout='zrn'",
    "trtx",
    Failed {
        msg: Some(
            "Failed to convert graph: graph conversion failed for trtx: Unsupported operation: gru\n\n--- built graph ---\nwebnn_graph \"graph\" v2 {\n  inputs {\n    gruBias: f32[1, 12];\n    gruInput: f32[1, 3, 2];\n    gruRecurrentBias: f32[1, 12];\n    gruRecurrentWeight: f32[1, 12, 4];\n    gruWeight: f32[1, 12, 2];\n  }\n\n  nodes {\n    [gruOutput] = gru(gruInput, gruWeight, gruRecurrentWeight, activations=[\"relu\", \"relu\"], bias=4, direction=\"\", initialHiddenState=null, label=\"\", layout=\"zrn\", recurrentBias=0, resetAfter=false, returnSequence=false);\n  }\n\n  outputs { gruOutput; }\n}\n",
        ),
    },
)
