---
source: tests/run_wpt_conformance.rs
assertion_line: 69
expression: "format!(\"{file_name} {test_name}, {backend_prefix}\\n {msg}\")"
---
reshape.https.any.js reshape float32 tensor to a new shape (reorder all dimensions), litert
 Failed to dispatch graph: LiteRT status error: code=3

--- built graph ---
webnn_graph "graph" v2 {
  inputs {
    reshapeInput: f32[2, 3, 4];
  }

  nodes {
    [reshapeOutput] = reshape(reshapeInput, label="");
  }

  outputs { reshapeOutput; }
}
