---
source: tests/run_wpt_conformance.rs
assertion_line: 69
expression: "format!(\"{file_name} {test_name}, {backend_prefix}\\n {msg}\")"
---
logical_or.https.any.js logicalOr uint8 1D constant tensors, litert
 Failed to dispatch graph: LiteRT status error: code=3

--- built graph ---
webnn_graph "graph" v2 {
  consts {
    operand_0: u8[24] @bytes([0, 0, 1, 1, 0, 0, 2, 2, 0, 0, 8, 8, 0, 0, 8, 8, 0, 0, 255, 255, 0, 0, 255, 255]);
    operand_1: u8[24] @bytes([0, 1, 0, 1, 0, 2, 0, 2, 0, 8, 0, 8, 0, 2, 0, 2, 0, 255, 0, 255, 0, 8, 0, 8]);
  }

  nodes {
    [output] = logicalOr(operand_0, operand_1, label="");
  }

  outputs { output; }
}
