---
source: tests/run_wpt_conformance.rs
expression: "(&file_name, &test_name, &backend_prefix, \"PASS\")"
---
(
    "gru.https.any.js",
    "gru float32 tensors steps=2 with options.bias, options.recurrentBias, options.direction='backward', options.activations=['relu', 'relu'] and options.returnSequence=true",
    "onnx",
    "PASS",
)
