---
source: tests/run_wpt_conformance.rs
expression: "format!(\"{file_name} {test_name}, {backend_prefix}\\n {msg}\")"
---
where.https.any.js where float16 4D tensors only broadcast falseValues 3D to 4D, coreml
 Failed to build graph: coreml runtime failed: MLModel compile failed: Failed to parse the model specification. Error: Unable to parse ML Program: in operation of type select: Param 'cond' has incorrect type for operator 'select'. Expected { [...]>, tensor<bool }; got tensor<uint8, [2, 2, 2, 3]>.

--- built graph ---
webnn_graph "graph" v2 {
  inputs {
    inputCondition: u8[2, 2, 2, 3];
    inputFalseValue: f16[2, 2, 1];
    inputTrueValue: f16[2, 2, 2, 3];
  }

  nodes {
    [whereOutput] = where(inputCondition, inputTrueValue, inputFalseValue, label="");
  }

  outputs { whereOutput; }
}
