---
source: tests/run_wpt_conformance.rs
expression: "format!(\"{file_name} {test_name}, {backend_prefix}\\n {msg}\")"
---
dequantizeLinear.https.any.js dequantizeLinear int4 1D tensor of odd size with float16 1D scale, trtx
 dequantizeLinear :: dequantizeLinear int4 1D tensor of odd size with float16 1D scale: index 0: actual=-0 expected=2.2402344 ulp=16507 tolerance=16
  inputs: dequantizeLinearInput: [-1, 7, 0]; dequantizeLinearScale: [1.1201171875] (constant); dequantizeLinearZeroPoint: [-3] (constant)
  expected dequantizeLinearOutput: [2.2402344, 11.203125, 3.359375]
  actual dequantizeLinearOutput: [-0, 0, 0]
  expected dequantizeLinearOutput full nd:
(shape [3])
[2.2402344, 11.203125, 3.359375]
  actual dequantizeLinearOutput full nd:
(shape [3])
[-0, 0, 0]

--- built graph ---
webnn_graph "graph" v2 {
  inputs {
    dequantizeLinearInput: i4[3];
  }

  consts {
    operand_1: f16[1] @bytes([123, 60]);
    operand_2: i4[1] @bytes([13]);
  }

  nodes {
    [dequantizeLinearOutput] = dequantizeLinear(dequantizeLinearInput, operand_1, operand_2, label="");
  }

  outputs { dequantizeLinearOutput; }
}
