---
source: tests/run_wpt_conformance.rs
expression: "(&file_name, &test_name, &backend_prefix, \"PASS\")"
---
(
    "lstm.https.any.js",
    "lstm float16 tensors steps=1 with options.bias, options.recurrentBias, options.activations=['relu', 'relu', 'relu'] and explicit options.direction='forward'",
    "onnx",
    "PASS",
)
