---
source: tests/run_wpt_conformance.rs
expression: "(&file_name, &test_name, &backend_prefix, err)"
---
(
    "arg_min_max.https.any.js",
    "argMin int32 4D tensor, axis=0, all options",
    "trtx",
    Failed {
        msg: Some(
            "arg_min_max :: argMin int32 4D tensor, axis=0, all options: index 0: actual=4575657222473777152 expected=1 tolerance=0\n  inputs: argMinInput: [3, -24, 5, -48, 40, 60, -82, -96, 71, 38, -39, 31, -82, -96, -25, -16, 66, 82, -82, -96, 39, 42, 82, 85]\n  expected argMinOutput: [1, 1, 1, 0, 0, 0, 0, 0, 1, 0 ...] (len=12)\n  actual argMinOutput: [4575657222473777152, 1065353216, 0, 0, 1065353216, 0, 0, 0, 0, 0 ...] (len=12)\n  expected argMinOutput full nd:\n[1, 1, 1, 0, 0, 0, 0, 0, 1, 0, ...] (len=12, shape=[1, 1, 4, 3])\n  actual argMinOutput full nd:\n[ ...] (len=0, shape=[1, 1, 4, 3])\n\n--- built graph ---\nwebnn_graph \"graph\" v2 {\n  inputs {\n    argMinInput: i32[2, 1, 4, 3];\n  }\n\n  nodes {\n    [argMinOutput] = argMin(argMinInput, keepDimensions=true, label=\"\", outputDataType=\"int64\");\n  }\n\n  outputs { argMinOutput; }\n}\n",
        ),
    },
)
