---
source: tests/run_wpt_conformance.rs
assertion_line: 64
expression: "format!(\"{file_name} {test_name}, {backend_prefix}\\n {msg}\")"
---
conv_transpose2d.https.any.js convTranspose2d float32 4D input and filter tensors options.groups, litert
 Failed to convert graph: graph conversion failed for litert: unsupported operation: ConvTranspose2d { input: 1, filter: 0, options: Some(MLConvTranspose2dOptions { label: "", padding: [], strides: [], dilations: [], output_padding: [], output_sizes: None, groups: 2, input_layout: "", filter_layout: "", bias: None }), outputs: [2] }

--- built graph ---
webnn_graph "graph" v2 {
  inputs {
    convTranspose2dInput: f32[1, 2, 2, 2];
  }

  consts {
    operand_0: f32[2, 1, 2, 2] @bytes([83, 19, 189, 61, 191, 78, 163, 62, 174, 101, 11, 63, 23, 133, 40, 63, 212, 163, 118, 63, 47, 142, 70, 60, 206, 73, 108, 63, 230, 213, 244, 62]);
  }

  nodes {
    [convTranspose2dOutput] = convTranspose2d(convTranspose2dInput, operand_0, bias=null, dilations=[], filterLayout="", groups=2, inputLayout="", label="", outputPadding=[], outputSizes=null, padding=[], strides=[]);
  }

  outputs { convTranspose2dOutput; }
}
