---
source: tests/run_wpt_conformance.rs
assertion_line: 64
expression: "format!(\"{file_name} {test_name}, {backend_prefix}\\n {msg}\")"
---
batch_normalization.https.any.js batchNormalization float16 2D tensor default options, litert
 Failed to convert graph: graph conversion failed for litert: unsupported operation: BatchNormalization { input: 0, mean: 1, variance: 2, options: Some(MLBatchNormalizationOptions { label: "", scale: None, bias: None, axis: 1, epsilon: 1e-5 }), outputs: [3] }

--- built graph ---
webnn_graph "graph" v2 {
  inputs {
    bnInput: f16[4, 6];
  }

  consts {
    operand_1: f16[6] @bytes([208, 199, 250, 213, 197, 80, 254, 210, 126, 213, 52, 209]);
    operand_2: f16[6] @bytes([138, 83, 156, 78, 169, 82, 5, 81, 109, 83, 128, 80]);
  }

  nodes {
    [bnOutput] = batchNormalization(bnInput, operand_1, operand_2, axis=1, bias=null, epsilon=0.00001, label="", scale=null);
  }

  outputs { bnOutput; }
}
