---
source: tests/run_wpt_conformance.rs
expression: "format!(\"{file_name} {test_name}, {backend_prefix}\\n {msg}\")"
---
arg_min_max.https.any.js argMax float16 2D tensor, axis=0, default options, trtx
 arg_min_max :: argMax float16 2D tensor, axis=0, default options: index 0: actual=1065353216 expected=1 tolerance=0
  inputs: argMaxInput: [-51.09375, -6.5390625, 73.8125, 88.4375, -5.29296875, -79.1875, -41.6875, 73.8125, 88.4375, -84.9375, -61.5, -98.3125, -51.09375, -6.5390625, 73.8125, 88.4375, -5.29296875, -79.1875, -41.6875, 73.8125, 88.4375, -84.9375, -61.5, -98.3125]
  expected argMaxOutput: [1, 1, 1, 0, 0, 0]
  actual argMaxOutput: [1065353216, 1065353216, 1065353216, 0, 0, 0]
  expected argMaxOutput full nd:
(shape [6])
[1, 1, 1, 0, 0, 0]
  actual argMaxOutput full nd:
(shape [6])
[1065353216, 1065353216, 1065353216, 0, 0, 0]

--- built graph ---
webnn_graph "graph" v2 {
  inputs {
    argMaxInput: f16[4, 6];
  }

  nodes {
    [argMaxOutput] = argMax(argMaxInput, keepDimensions=false, label="", outputDataType="int32");
  }

  outputs { argMaxOutput; }
}
