---
source: tests/run_wpt_conformance.rs
assertion_line: 69
expression: "format!(\"{file_name} {test_name}, {backend_prefix}\\n {msg}\")"
---
reshape.https.any.js reshape float16 constant tensor to a new shape (reorder all dimensions), litert
 Failed to dispatch graph: LiteRT status error: code=3

--- built graph ---
webnn_graph "graph" v2 {
  consts {
    operand_0: f16[2, 3, 4] @bytes([132, 207, 57, 86, 129, 85, 190, 213, 243, 205, 181, 213, 229, 211, 9, 74, 2, 214, 153, 209, 1, 213, 7, 212, 233, 78, 14, 214, 59, 85, 83, 82, 12, 205, 144, 189, 15, 214, 21, 84, 91, 80, 192, 83, 189, 193, 250, 78]);
  }

  nodes {
    [reshapeOutput] = reshape(operand_0, label="");
  }

  outputs { reshapeOutput; }
}
