---
source: tests/run_wpt_conformance.rs
expression: "format!(\"{file_name} {test_name}, {backend_prefix}\\n {msg}\")"
---
arg_min_max.https.any.js argMin uint64 4D tensor, axis=1, all options, trtx
 arg_min_max :: argMin uint64 4D tensor, axis=1, all options: index 2: actual=1065353216 expected=1 tolerance=0
  inputs: argMinInput: [String("0"), String("0"), String("254"), String("10"), String("1"), String("512"), String("1"), String("11"), String("21"), String("50"), String("128"), String("254"), String("20"), String("50"), String("127"), String("512")]
  expected argMinOutput: [0, 0, 1, 0, 1, 0, 1, 0]
  actual argMinOutput: [0, 0, 1065353216, 0, 1065353216, 0, 1065353216, 0]
  expected argMinOutput full nd:
(shape [2, 1, 2, 2])
  [0, 0] [1, 0]
  [1, 0] [1, 0]
  actual argMinOutput full nd:
(shape [2, 1, 2, 2])
  [0, 0] [1065353216, 0]
  [1065353216, 0] [1065353216, 0]

--- built graph ---
webnn_graph "graph" v2 {
  inputs {
    argMinInput: u64[2, 2, 2, 2];
  }

  nodes {
    [argMinOutput] = argMin(argMinInput, keepDimensions=true, label="", outputDataType="int32");
  }

  outputs { argMinOutput; }
}
