---
source: tests/run_wpt_conformance.rs
assertion_line: 64
expression: "format!(\"{file_name} {test_name}, {backend_prefix}\\n {msg}\")"
---
averagePool2d.https.any.js averagePool2d float32 4D tensor options.layout=nhwc and options.outputShapeRounding=ceil, litert
 Failed to dispatch graph: LiteRT status error: code=3

--- built graph ---
webnn_graph "graph" v2 {
  inputs {
    averagePool2dInput: f32[1, 5, 5, 2];
  }

  nodes {
    [averagePool2dOutput] = averagePool2d(averagePool2dInput, dilations=[], label="", layout="nhwc", outputShapeRounding="ceil", outputSizes=null, padding=[1, 0, 0, 1], strides=[2, 2], windowDimensions=[3, 3]);
  }

  outputs { averagePool2dOutput; }
}
