---
source: tests/run_wpt_conformance.rs
expression: "format!(\"{file_name} {test_name}, {backend_prefix}\\n {msg}\")"
---
conv2d.https.any.js conv2d float16 4D input and filter tensors options.inputLayout='nhwc' and options.filterLayout='ohwi', coreml
 Failed to build graph: coreml runtime failed: MLModel load failed: Failed to build the model execution plan using a model architecture file '<coreml-temp-model>' with error code: -14.

--- built graph ---
webnn_graph "graph" v2 {
  inputs {
    conv2dInput: f16[2, 3, 3, 1];
  }

  consts {
    operand_0: f16[3, 2, 2, 1] @bytes([167, 48, 189, 59, 239, 46, 32, 53, 144, 57, 15, 56, 54, 45, 62, 56, 234, 52, 235, 54, 225, 59, 218, 54]);
  }

  nodes {
    [conv2dOutput] = conv2d(conv2dInput, operand_0, bias=null, dilations=[], filterLayout="ohwi", groups=1, inputLayout="nhwc", label="", padding=[], strides=[]);
  }

  outputs { conv2dOutput; }
}
