---
source: tests/run_wpt_conformance.rs
expression: "format!(\"{file_name} {test_name}, {backend_prefix}\\n {msg}\")"
---
reduce_min.https.any.js reduceMin float32 1D constant tensor empty axes, litert
 Failed to convert graph: graph conversion failed for litert: unsupported operation: ReduceMin { input: 0, options: Some(MLReduceOptions { label: "", axes: Some([]), keep_dimensions: false }), outputs: [1] }

--- built graph ---
webnn_graph "graph" v2 {
  consts {
    operand_0: f32[2] @bytes([62, 12, 107, 194, 62, 12, 107, 66]);
  }

  nodes {
    [reduceMinOutput] = reduceMin(operand_0, axes=[], keepDimensions=false, label="");
  }

  outputs { reduceMinOutput; }
}
