---
source: tests/run_wpt_conformance.rs
assertion_line: 69
expression: "format!(\"{file_name} {test_name}, {backend_prefix}\\n {msg}\")"
---
reshape.https.any.js reshape float16 tensor to a new shape (4D to 4D), litert
 Failed to dispatch graph: LiteRT status error: code=3

--- built graph ---
webnn_graph "graph" v2 {
  inputs {
    reshapeInput: f16[3, 2, 2, 2];
  }

  nodes {
    [reshapeOutput] = reshape(reshapeInput, label="");
  }

  outputs { reshapeOutput; }
}
