---
source: tests/run_wpt_conformance.rs
expression: "format!(\"{file_name} {test_name}, {backend_prefix}\\n {msg}\")"
---
softsign.https.any.js softsign positive float32 1D constant tensor, litert
 Failed to convert graph: graph conversion failed for litert: unsupported operation: Softsign { input: 0, options: Some(MLOperatorOptions { label: "" }), outputs: [1] }

--- built graph ---
webnn_graph "graph" v2 {
  consts {
    operand_0: f32[24] @bytes([74, 173, 202, 63, 222, 132, 130, 64, 59, 34, 14, 65, 62, 34, 1, 65, 109, 99, 3, 65, 72, 37, 29, 64, 136, 67, 39, 63, 147, 184, 251, 64, 226, 238, 71, 64, 126, 56, 0, 65, 30, 57, 124, 64, 11, 22, 232, 63, 214, 0, 25, 64, 0, 1, 171, 63, 158, 169, 22, 65, 146, 242, 226, 62, 188, 146, 167, 64, 178, 201, 22, 65, 59, 30, 250, 64, 136, 44, 187, 64, 102, 124, 12, 65, 68, 219, 163, 64, 73, 192, 227, 64, 226, 43, 147, 64]);
  }

  nodes {
    [softsignOutput] = softsign(operand_0, label="");
  }

  outputs { softsignOutput; }
}
