---
source: tests/run_wpt_conformance.rs
expression: "format!(\"{file_name} {test_name}, {backend_prefix}\\n {msg}\")"
---
clamp.https.any.js minValue == maxValue, coreml
 clamp :: minValue == maxValue: index 0: actual=NaN expected=0.5 ulp=4294967295 tolerance=4
  inputs: clampInput: [String("-Infinity"), String("Infinity"), -300000000000000000000000000000000000, 2147483647, -2, 1, 0] (constant)
  expected clampOutput: [0.5, 0.5, 0.5, 0.5, 0.5, 0.5, 0.5]
  actual clampOutput: [NaN, NaN, 0.5, 0.5, 0.5, 0.5, 0.5]
  expected clampOutput full nd:
(shape [7])
[0.5, 0.5, 0.5, 0.5, 0.5, 0.5, 0.5]
  actual clampOutput full nd:
(shape [7])
[NaN, NaN, 0.5, 0.5, 0.5, 0.5, 0.5]

--- built graph ---
webnn_graph "graph" v2 {
  consts {
    operand_0: f32[7] @bytes([0, 0, 128, 255, 0, 0, 128, 127, 145, 28, 103, 250, 0, 0, 0, 79, 0, 0, 0, 192, 0, 0, 128, 63, 0, 0, 0, 0]);
  }

  nodes {
    [clampOutput] = clamp(operand_0, label="", maxValue=0.5, minValue=0.5);
  }

  outputs { clampOutput; }
}
