---
source: tests/run_wpt_conformance.rs
expression: "format!(\"{file_name} {test_name}, {backend_prefix}\\n {msg}\")"
---
reduce_product.https.any.js reduceProduct float32 4D tensor options.axes with options.keepDimensions=false, litert
 Failed to convert graph: graph conversion failed for litert: unsupported operation: ReduceProduct { input: 0, options: Some(MLReduceOptions { label: "", axes: Some([1, 3]), keep_dimensions: false }), outputs: [1] }

--- built graph ---
webnn_graph "graph" v2 {
  inputs {
    reduceProductInput: f32[2, 2, 2, 3];
  }

  nodes {
    [reduceProductOutput] = reduceProduct(reduceProductInput, axes=[1, 3], keepDimensions=false, label="");
  }

  outputs { reduceProductOutput; }
}
