---
source: tests/run_wpt_conformance.rs
expression: "format!(\"{file_name} {test_name}, {backend_prefix}\\n {msg}\")"
---
reduce_log_sum_exp.https.any.js reduceLogSumExp avoids overflows caused by taking the exp of large inputs, litert
 Failed to convert graph: graph conversion failed for litert: unsupported operation: ReduceLogSumExp { input: 0, options: Some(MLReduceOptions { label: "", axes: Some([0]), keep_dimensions: false }), outputs: [1] }

--- built graph ---
webnn_graph "graph" v2 {
  inputs {
    reduceLogSumExpInput: f32[1];
  }

  nodes {
    [reduceLogSumExpOutput] = reduceLogSumExp(reduceLogSumExpInput, axes=[0], keepDimensions=false, label="");
  }

  outputs { reduceLogSumExpOutput; }
}
