---
source: tests/run_wpt_conformance.rs
expression: "format!(\"{file_name} {test_name}, {backend_prefix}\\n {msg}\")"
---
reduce_max.https.any.js reduceMax float32 4D tensor options.keepDimensions=false, litert
 Failed to convert graph: graph conversion failed for litert: unsupported operation: ReduceMax { input: 0, options: Some(MLReduceOptions { label: "", axes: None, keep_dimensions: false }), outputs: [1] }

--- built graph ---
webnn_graph "graph" v2 {
  inputs {
    reduceMaxInput: f32[2, 2, 2, 3];
  }

  nodes {
    [reduceMaxOutput] = reduceMax(reduceMaxInput, axes=null, keepDimensions=false, label="");
  }

  outputs { reduceMaxOutput; }
}
