---
source: tests/run_wpt_conformance.rs
expression: "(&file_name, &test_name, &backend_prefix, err)"
---
(
    "dequantizeLinear.https.any.js",
    "dequantizeLinear int32 1D tensor with float16 1D scale",
    "trtx",
    Failed {
        msg: Some(
            "Failed to build graph: Runtime error: Failed to build serialized network\n\n--- built graph ---\nwebnn_graph \"graph\" v2 {\n  inputs {\n    dequantizeLinearInput: i32[2];\n  }\n\n  consts {\n    operand_0: i32[2] @bytes([89, 126, 0, 0, 0, 0, 0, 0]);\n    operand_2: f16[2] @bytes([123, 60, 123, 52]);\n  }\n\n  nodes {\n    [dequantizeLinearOutput] = dequantizeLinear(dequantizeLinearInput, operand_2, operand_0, label=\"\");\n  }\n\n  outputs { dequantizeLinearOutput; }\n}\n",
        ),
    },
)
