---
source: tests/run_wpt_conformance.rs
expression: "(&file_name, &test_name, &backend_prefix, err)"
---
(
    "gatherND.https.any.js",
    "gatherND float32 4D input and 1D minimum indices",
    "trtx",
    Failed {
        msg: Some(
            "An error in the Trtx: Runtime error: setNamedWeights (with location) rejected\n\n--- built graph ---\nwebnn_graph \"graph\" v2 {\n  inputs {\n    gatherNDInput: f32[2, 2, 2, 2];\n  }\n\n  consts {\n    operand_1: i32[3] @bytes([254, 255, 255, 255, 254, 255, 255, 255, 254, 255, 255, 255]);\n  }\n\n  nodes {\n    [gatherNDOutput] = gatherND(gatherNDInput, operand_1, label=\"\");\n  }\n\n  outputs { gatherNDOutput; }\n}\n",
        ),
    },
)
