---
source: tests/run_wpt_conformance.rs
expression: "format!(\"{file_name} {test_name}, {backend_prefix}\\n {msg}\")"
---
quantizeLinear.https.any.js quantizeLinear float16 tensor with uint4 zeroPoint which has even size, coreml
 Failed to build graph: graph conversion failed for coreml: int4/uint4 tensors are not supported in CoreML conversion yet

--- built graph ---
webnn_graph "graph" v2 {
  inputs {
    quantizeLinearInput: f16[2];
  }

  consts {
    operand_1: f16[2] @bytes([123, 60, 123, 60]);
    operand_2: u4[2] @bytes([21]);
  }

  nodes {
    [quantizeLinearOutput] = quantizeLinear(quantizeLinearInput, operand_1, operand_2, label="");
  }

  outputs { quantizeLinearOutput; }
}
