---
source: tests/run_wpt_conformance.rs
assertion_line: 64
expression: "format!(\"{file_name} {test_name}, {backend_prefix}\\n {msg}\")"
---
arg_min_max.https.any.js argMax float32 1D constant tensor, axis=0, default options, litert
 Failed to convert graph: graph conversion failed for litert: unsupported operation: ArgMax { input: 0, axis: 0, options: Some(MLArgMinMaxOptions { label: "", keep_dimensions: false, output_data_type: Int32 }), outputs: [1] }

--- built graph ---
webnn_graph "graph" v2 {
  consts {
    operand_0: f32[24] @bytes([222, 95, 76, 194, 61, 69, 209, 192, 115, 160, 147, 66, 27, 236, 176, 66, 162, 106, 169, 192, 210, 105, 158, 194, 156, 206, 38, 194, 115, 160, 147, 66, 27, 236, 176, 66, 72, 225, 169, 194, 173, 244, 117, 194, 112, 173, 196, 194, 222, 95, 76, 194, 61, 69, 209, 192, 115, 160, 147, 66, 27, 236, 176, 66, 162, 106, 169, 192, 210, 105, 158, 194, 156, 206, 38, 194, 115, 160, 147, 66, 27, 236, 176, 66, 72, 225, 169, 194, 173, 244, 117, 194, 112, 173, 196, 194]);
  }

  nodes {
    [argMaxOutput] = argMax(operand_0, keepDimensions=false, label="", outputDataType="int32");
  }

  outputs { argMaxOutput; }
}
