---
source: tests/run_wpt_conformance.rs
expression: "format!(\"{file_name} {test_name}, {backend_prefix}\\n {msg}\")"
---
is_nan.https.any.js isNaN float16 special values, trtx
 is_nan :: isNaN float16 special values: index 0: actual=0 expected=1 tolerance=0
  inputs: isNaNInput: [String("NaN"), String("Infinity"), String("-Infinity"), 0, 0, 1, -1]
  expected isNaNOutput: [1, 0, 0, 0, 0, 0, 0]
  actual isNaNOutput: [0, 0, 128, 63, 0, 0, 0]
  expected isNaNOutput full nd:
(shape [7])
[1, 0, 0, 0, 0, 0, 0]
  actual isNaNOutput full nd:
(shape [7])
[0, 0, 128, 63, 0, 0, 0]

--- built graph ---
webnn_graph "graph" v2 {
  inputs {
    isNaNInput: f16[7];
  }

  nodes {
    [isNaNOutput] = isNaN(isNaNInput, label="");
  }

  outputs { isNaNOutput; }
}
