---
source: tests/run_wpt_conformance.rs
assertion_line: 64
expression: "format!(\"{file_name} {test_name}, {backend_prefix}\\n {msg}\")"
---
arg_min_max.https.any.js argMax uint32 4D tensor, axis=1, all options, litert
 Failed to convert graph: graph conversion failed for litert: unsupported operation: ArgMax { input: 0, axis: 1, options: Some(MLArgMinMaxOptions { label: "", keep_dimensions: true, output_data_type: Int32 }), outputs: [1] }

--- built graph ---
webnn_graph "graph" v2 {
  inputs {
    argMaxInput: u32[2, 2, 2, 2];
  }

  nodes {
    [argMaxOutput] = argMax(argMaxInput, keepDimensions=true, label="", outputDataType="int32");
  }

  outputs { argMaxOutput; }
}
