---
source: tests/run_wpt_conformance.rs
expression: "format!(\"{file_name} {test_name}, {backend_prefix}\\n {msg}\")"
---
triangular.https.any.js triangular float16 4D tensor fully copied options.diagonal=-2, litert
 Failed to convert graph: graph conversion failed for litert: unsupported operation: Triangular { input: 0, options: Some(MLTriangularOptions { label: "", upper: Some(true), diagonal: -2 }), outputs: [1] }

--- built graph ---
webnn_graph "graph" v2 {
  inputs {
    triangularInput: f16[2, 2, 2, 3];
  }

  nodes {
    [triangularOutput] = triangular(triangularInput, diagonal=-2, label="", upper=true);
  }

  outputs { triangularOutput; }
}
