---
source: tests/run_wpt_conformance.rs
expression: "format!(\"{file_name} {test_name}, {backend_prefix}\\n {msg}\")"
---
reduce_product.https.any.js reduceProduct float16 1D constant tensor default options, litert
 Failed to convert graph: graph conversion failed for litert: unsupported operation: ReduceProduct { input: 0, options: Some(MLReduceOptions { label: "", axes: None, keep_dimensions: false }), outputs: [1] }

--- built graph ---
webnn_graph "graph" v2 {
  consts {
    operand_0: f16[24] @bytes([80, 62, 162, 58, 136, 58, 162, 181, 144, 189, 146, 191, 222, 189, 24, 61, 174, 186, 166, 191, 50, 56, 92, 182, 160, 191, 235, 61, 138, 60, 208, 60, 206, 187, 117, 57, 208, 184, 95, 189, 164, 189, 164, 60, 116, 40, 228, 190]);
  }

  nodes {
    [reduceProductOutput] = reduceProduct(operand_0, axes=null, keepDimensions=false, label="");
  }

  outputs { reduceProductOutput; }
}
