---
source: tests/run_wpt_conformance.rs
expression: "format!(\"{file_name} {test_name}, {backend_prefix}\\n {msg}\")"
---
reduce_sum.https.any.js reduceSum float32 0D tensor empty axes, litert
 reduce_sum :: reduceSum float32 0D tensor empty axes: index 0: actual=0.00000000000000000000000000000024804398 expected=69.60386 ulp=904542157 tolerance=8
  inputs: reduceSumInput: [69.6038589477539]
  expected reduceSumOutput: [69.60386]
  actual reduceSumOutput: [0.00000000000000000000000000000024804398]

--- built graph ---
webnn_graph "graph" v2 {
  inputs {
    reduceSumInput: f32[];
  }

  nodes {
    [reduceSumOutput] = reduceSum(reduceSumInput, axes=[], keepDimensions=false, label="");
  }

  outputs { reduceSumOutput; }
}
