---
source: tests/run_wpt_conformance.rs
expression: "format!(\"{file_name} {test_name}, {backend_prefix}\\n {msg}\")"
---
resample2d.https.any.js resample2d(upsample) float32 4D tensor options.axes=[1, 2] options.mode='linear', litert
 Failed to convert graph: graph conversion failed for litert: unsupported operation: Resample2d { input: 0, options: Some(MLResample2dOptions { label: "", mode: "linear", scales: [], sizes: Some([4, 6]), axes: [1, 2] }), outputs: [1] }

--- built graph ---
webnn_graph "graph" v2 {
  inputs {
    resample2dInput: f32[1, 2, 3, 1];
  }

  nodes {
    [resample2dOutput] = resample2d(resample2dInput, axes=[1, 2], label="", mode="linear", scales=[], sizes=[4, 6]);
  }

  outputs { resample2dOutput; }
}
