---
source: tests/run_wpt_conformance.rs
expression: "format!(\"{file_name} {test_name}, {backend_prefix}\\n {msg}\")"
---
dequantizeLinear.https.any.js dequantizeLinear uint8 1D tensor with float16 1D scale, implicit block_size = 2, trtx
 dequantizeLinear :: dequantizeLinear uint8 1D tensor with float16 1D scale, implicit block_size = 2: index 0: actual=0 expected=-1084 ulp=25660 tolerance=16
  inputs: dequantizeLinearInput: [12, 24, 35, 123]; dequantizeLinearScale: [9.34375, 4.6171875] (constant); dequantizeLinearZeroPoint: [128, 110] (constant)
  expected dequantizeLinearOutput: [-1084, -972, -346.25, 60.03125]
  actual dequantizeLinearOutput: [0, 0, 0, 0]
  expected dequantizeLinearOutput full nd:
(shape [4])
[-1084, -972, -346.25, 60.03125]
  actual dequantizeLinearOutput full nd:
(shape [4])
[0, 0, 0, 0]

--- built graph ---
webnn_graph "graph" v2 {
  inputs {
    dequantizeLinearInput: u8[4];
  }

  consts {
    operand_1: f16[2] @bytes([172, 72, 158, 68]);
    operand_2: u8[2] @bytes([128, 110]);
  }

  nodes {
    [dequantizeLinearOutput] = dequantizeLinear(dequantizeLinearInput, operand_1, operand_2, label="");
  }

  outputs { dequantizeLinearOutput; }
}
