---
source: tests/run_wpt_conformance.rs
assertion_line: 69
expression: "format!(\"{file_name} {test_name}, {backend_prefix}\\n {msg}\")"
---
logical_or.https.any.js logicalOr uint8 broadcasting two 5D inputs with a leading batch size of 1, litert
 Failed to dispatch graph: LiteRT status error: code=3

--- built graph ---
webnn_graph "graph" v2 {
  inputs {
    inputA: u8[1, 2, 2, 1, 1];
    inputB: u8[1, 2, 1, 1, 3];
  }

  nodes {
    [output] = logicalOr(inputA, inputB, label="");
  }

  outputs { output; }
}
