---
source: tests/run_wpt_conformance.rs
expression: "format!(\"{file_name} {test_name}, {backend_prefix}\\n {msg}\")"
---
prelu.https.any.js prelu float16 broadcast 4D x 1D slope of shape [1], coreml
 Failed to build graph: coreml runtime failed: MLModel load failed: Failed to build the model execution plan using a model architecture file '<coreml-temp-model>' with error code: -14.

--- built graph ---
webnn_graph "graph" v2 {
  inputs {
    preluInput: f16[2, 2, 2, 3];
  }

  consts {
    operand_1: f16[1] @bytes([3, 69]);
  }

  nodes {
    [preluOutput] = prelu(preluInput, operand_1, label="");
  }

  outputs { preluOutput; }
}
